[0620/210551.492:INFO:CONSOLE(0)] "Error with Permissions-Policy header: Feature xr-spatial-tracking's parameters are ignored.", source:  (0)
[0620/210551.492:INFO:CONSOLE(0)] "Error with Permissions-Policy header: Origin trial controlled feature not enabled: 'attribution-reporting'.", source:  (0)
[0620/210551.492:INFO:CONSOLE(0)] "Error with Permissions-Policy header: Unrecognized feature: 'compute-pressure'.", source:  (0)
[0620/210551.492:INFO:CONSOLE(0)] "Error with Permissions-Policy header: Origin trial controlled feature not enabled: 'interest-cohort'.", source:  (0)
[0620/210551.492:INFO:CONSOLE(0)] "Error with Permissions-Policy header: Unrecognized feature: 'private-state-token-issuance'.", source:  (0)
[0620/210551.493:INFO:CONSOLE(0)] "Error with Permissions-Policy header: Origin trial controlled feature not enabled: 'shared-storage'.", source:  (0)
[0620/210551.494:INFO:CONSOLE(0)] "Error with Permissions-Policy header: Unrecognized feature: 'shared-storage-select-url'.", source:  (0)
[0620/210551.494:INFO:CONSOLE(0)] "Error with Permissions-Policy header: Unrecognized feature: 'private-state-token-redemption'.", source:  (0)
[0620/210551.494:INFO:CONSOLE(0)] "Error with Permissions-Policy header: Unrecognized feature: 'unload'.", source:  (0)
[0620/210551.494:INFO:CONSOLE(0)] "Error with Permissions-Policy header: Unrecognized feature: 'window-management'.", source:  (0)
[0620/210551.494:INFO:CONSOLE(0)] "Document-Policy HTTP header: Unrecognized document policy feature name include-js-call-stacks-in-crash-reports.", source: https://web.whatsapp.com/ (0)
[0620/210603.838:INFO:CONSOLE(163)] "Event handler of 'x-storagemutated-1' event must be added on the initial evaluation of worker script.", source: https://static.whatsapp.net/rsrc.php/v4/yc/r/yy_Q9m0VzPT.js (163)
[0620/210931.193:INFO:CONSOLE(163)] "Event handler of 'x-storagemutated-1' event must be added on the initial evaluation of worker script.", source: https://static.whatsapp.net/rsrc.php/v4/yc/r/yy_Q9m0VzPT.js (163)
[0620/210933.086:INFO:CONSOLE(268)] "Uncaught (in promise) #<a>", source: https://static.whatsapp.net/rsrc.php/v4/yG/r/mwe7YzQnclr.js (268)
[0620/210933.090:INFO:CONSOLE(150)] "Uncaught (in promise) Error: Unexpected null or undefined: me", source: https://static.whatsapp.net/rsrc.php/v4/yu/r/R6-Uxg_mUAY.js (150)
[0620/210933.894:INFO:CONSOLE(150)] "Uncaught (in promise) #<a>", source: https://static.whatsapp.net/rsrc.php/v4/yu/r/R6-Uxg_mUAY.js (150)
[0620/210934.106:INFO:CONSOLE(150)] "Uncaught (in promise) Invariant Violation: Minified invariant #56367; %s", source: https://static.whatsapp.net/rsrc.php/v4/yu/r/R6-Uxg_mUAY.js (150)
[0620/210934.616:INFO:CONSOLE(0)] "Error with Permissions-Policy header: Feature xr-spatial-tracking's parameters are ignored.", source:  (0)
[0620/210934.616:INFO:CONSOLE(0)] "Error with Permissions-Policy header: Origin trial controlled feature not enabled: 'attribution-reporting'.", source:  (0)
[0620/210934.616:INFO:CONSOLE(0)] "Error with Permissions-Policy header: Unrecognized feature: 'compute-pressure'.", source:  (0)
[0620/210934.616:INFO:CONSOLE(0)] "Error with Permissions-Policy header: Origin trial controlled feature not enabled: 'interest-cohort'.", source:  (0)
[0620/210934.618:INFO:CONSOLE(0)] "Error with Permissions-Policy header: Unrecognized feature: 'private-state-token-issuance'.", source:  (0)
[0620/210934.618:INFO:CONSOLE(0)] "Error with Permissions-Policy header: Origin trial controlled feature not enabled: 'shared-storage'.", source:  (0)
[0620/210934.618:INFO:CONSOLE(0)] "Error with Permissions-Policy header: Unrecognized feature: 'shared-storage-select-url'.", source:  (0)
[0620/210934.618:INFO:CONSOLE(0)] "Error with Permissions-Policy header: Unrecognized feature: 'private-state-token-redemption'.", source:  (0)
[0620/210934.618:INFO:CONSOLE(0)] "Error with Permissions-Policy header: Unrecognized feature: 'unload'.", source:  (0)
[0620/210934.623:INFO:CONSOLE(0)] "Error with Permissions-Policy header: Unrecognized feature: 'window-management'.", source:  (0)
[0620/210934.623:INFO:CONSOLE(0)] "Document-Policy HTTP header: Unrecognized document policy feature name include-js-call-stacks-in-crash-reports.", source: https://web.whatsapp.com/ (0)
[0620/210936.169:ERROR:backend_impl.cc(754)] Unable to create file: -4
[0620/210936.169:ERROR:entry_impl.cc(995)] Failed to save user data
[0620/210937.502:ERROR:entry_impl.cc(1072)] No file for 80000012
[0620/210937.506:ERROR:entry_impl.cc(1072)] No file for 80000015
[0620/210937.512:ERROR:entry_impl.cc(1072)] No file for 8000000f
[0620/210937.518:ERROR:entry_impl.cc(1072)] No file for 80000010
[0620/210937.520:ERROR:entry_impl.cc(1072)] No file for 80000014
[0620/210937.523:ERROR:entry_impl.cc(1072)] No file for 80000013
[0620/210937.523:ERROR:entry_impl.cc(1072)] No file for 80000017
[0620/210938.053:ERROR:entry_impl.cc(1072)] No file for 8000000e
[0620/210941.521:ERROR:backend_impl.cc(754)] Unable to create file: -4
[0620/210941.521:ERROR:entry_impl.cc(995)] Failed to save user data
[0620/210942.745:ERROR:backend_impl.cc(754)] Unable to create file: -4
[0620/210942.745:ERROR:entry_impl.cc(995)] Failed to save user data
[0620/210942.864:ERROR:backend_impl.cc(754)] Unable to create file: -4
[0620/210942.865:ERROR:entry_impl.cc(995)] Failed to save user data
[0620/210943.639:ERROR:backend_impl.cc(754)] Unable to create file: -4
[0620/210943.639:ERROR:entry_impl.cc(995)] Failed to save user data
