[0628/144230.314:ERROR:cache_util_win.cc(20)] Unable to move the cache: Access is denied. (0x5)
[0628/144230.315:ERROR:cache_util_win.cc(20)] Unable to move the cache: Access is denied. (0x5)
[0628/144230.316:ERROR:disk_cache.cc(205)] Unable to create cache
[0628/144230.316:ERROR:gpu_disk_cache.cc(673)] Gpu Cache Creation failed: -2
[0628/144230.316:ERROR:disk_cache.cc(205)] Unable to create cache
[0628/144230.317:ERROR:gpu_disk_cache.cc(673)] Gpu Cache Creation failed: -2
[0628/144230.435:ERROR:cache_util_win.cc(20)] Unable to move the cache: Access is denied. (0x5)
[0628/144230.435:ERROR:disk_cache.cc(205)] Unable to create cache
[0628/144230.903:INFO:CONSOLE(0)] "Error with Permissions-Policy header: Feature xr-spatial-tracking's parameters are ignored.", source:  (0)
[0628/144230.904:INFO:CONSOLE(0)] "Error with Permissions-Policy header: Origin trial controlled feature not enabled: 'attribution-reporting'.", source:  (0)
[0628/144230.904:INFO:CONSOLE(0)] "Error with Permissions-Policy header: Unrecognized feature: 'compute-pressure'.", source:  (0)
[0628/144230.904:INFO:CONSOLE(0)] "Error with Permissions-Policy header: Origin trial controlled feature not enabled: 'interest-cohort'.", source:  (0)
[0628/144230.905:INFO:CONSOLE(0)] "Error with Permissions-Policy header: Unrecognized feature: 'private-state-token-issuance'.", source:  (0)
[0628/144230.905:INFO:CONSOLE(0)] "Error with Permissions-Policy header: Origin trial controlled feature not enabled: 'shared-storage'.", source:  (0)
[0628/144230.905:INFO:CONSOLE(0)] "Error with Permissions-Policy header: Unrecognized feature: 'shared-storage-select-url'.", source:  (0)
[0628/144230.905:INFO:CONSOLE(0)] "Error with Permissions-Policy header: Unrecognized feature: 'private-state-token-redemption'.", source:  (0)
[0628/144230.905:INFO:CONSOLE(0)] "Error with Permissions-Policy header: Unrecognized feature: 'unload'.", source:  (0)
[0628/144230.905:INFO:CONSOLE(0)] "Error with Permissions-Policy header: Unrecognized feature: 'window-management'.", source:  (0)
[0628/144230.905:INFO:CONSOLE(0)] "Document-Policy HTTP header: Unrecognized document policy feature name include-js-call-stacks-in-crash-reports.", source: https://web.whatsapp.com/ (0)
[0628/144230.976:INFO:CONSOLE(0)] "Error with Permissions-Policy header: Feature xr-spatial-tracking's parameters are ignored.", source:  (0)
[0628/144230.976:INFO:CONSOLE(0)] "Error with Permissions-Policy header: Origin trial controlled feature not enabled: 'attribution-reporting'.", source:  (0)
[0628/144230.976:INFO:CONSOLE(0)] "Error with Permissions-Policy header: Unrecognized feature: 'compute-pressure'.", source:  (0)
[0628/144230.976:INFO:CONSOLE(0)] "Error with Permissions-Policy header: Origin trial controlled feature not enabled: 'interest-cohort'.", source:  (0)
[0628/144230.976:INFO:CONSOLE(0)] "Error with Permissions-Policy header: Unrecognized feature: 'private-state-token-issuance'.", source:  (0)
[0628/144230.976:INFO:CONSOLE(0)] "Error with Permissions-Policy header: Origin trial controlled feature not enabled: 'shared-storage'.", source:  (0)
[0628/144230.976:INFO:CONSOLE(0)] "Error with Permissions-Policy header: Unrecognized feature: 'shared-storage-select-url'.", source:  (0)
[0628/144230.976:INFO:CONSOLE(0)] "Error with Permissions-Policy header: Unrecognized feature: 'private-state-token-redemption'.", source:  (0)
[0628/144230.976:INFO:CONSOLE(0)] "Error with Permissions-Policy header: Unrecognized feature: 'unload'.", source:  (0)
[0628/144230.976:INFO:CONSOLE(0)] "Error with Permissions-Policy header: Unrecognized feature: 'window-management'.", source:  (0)
[0628/144230.976:INFO:CONSOLE(0)] "Document-Policy HTTP header: Unrecognized document policy feature name include-js-call-stacks-in-crash-reports.", source: https://web.whatsapp.com/ (0)
[0628/144243.469:ERROR:quota_database.cc(929)] Could not open the quota database, resetting.
[0628/144247.626:INFO:CONSOLE(163)] "Event handler of 'x-storagemutated-1' event must be added on the initial evaluation of worker script.", source: https://static.whatsapp.net/rsrc.php/v4/y_/r/94n5BtYWk84.js (163)
[0628/144248.501:ERROR:quota_database.cc(929)] Could not open the quota database, resetting.
[0628/144251.462:ERROR:quota_database.cc(931)] Failed to reset the quota database.
[0628/144251.462:ERROR:quota_database.cc(931)] Failed to reset the quota database.
[0628/144448.656:INFO:CONSOLE(163)] "Event handler of 'x-storagemutated-1' event must be added on the initial evaluation of worker script.", source: https://static.whatsapp.net/rsrc.php/v4/y_/r/94n5BtYWk84.js (163)
