[0628/151122.878:ERROR:cache_util_win.cc(20)] Unable to move the cache: Access is denied. (0x5)
[0628/151122.878:ERROR:cache_util_win.cc(20)] Unable to move the cache: Access is denied. (0x5)
[0628/151122.879:ERROR:disk_cache.cc(205)] Unable to create cache
[0628/151122.879:ERROR:gpu_disk_cache.cc(673)] Gpu Cache Creation failed: -2
[0628/151122.879:ERROR:disk_cache.cc(205)] Unable to create cache
[0628/151122.879:ERROR:gpu_disk_cache.cc(673)] Gpu Cache Creation failed: -2
[0628/151122.964:ERROR:cache_util_win.cc(20)] Unable to move the cache: Access is denied. (0x5)
[0628/151122.965:ERROR:disk_cache.cc(205)] Unable to create cache
[0628/151123.378:INFO:CONSOLE(0)] "Error with Permissions-Policy header: Feature xr-spatial-tracking's parameters are ignored.", source:  (0)
[0628/151123.378:INFO:CONSOLE(0)] "Error with Permissions-Policy header: Origin trial controlled feature not enabled: 'attribution-reporting'.", source:  (0)
[0628/151123.379:INFO:CONSOLE(0)] "Error with Permissions-Policy header: Unrecognized feature: 'compute-pressure'.", source:  (0)
[0628/151123.379:INFO:CONSOLE(0)] "Error with Permissions-Policy header: Origin trial controlled feature not enabled: 'interest-cohort'.", source:  (0)
[0628/151123.379:INFO:CONSOLE(0)] "Error with Permissions-Policy header: Unrecognized feature: 'private-state-token-issuance'.", source:  (0)
[0628/151123.379:INFO:CONSOLE(0)] "Error with Permissions-Policy header: Origin trial controlled feature not enabled: 'shared-storage'.", source:  (0)
[0628/151123.379:INFO:CONSOLE(0)] "Error with Permissions-Policy header: Unrecognized feature: 'shared-storage-select-url'.", source:  (0)
[0628/151123.379:INFO:CONSOLE(0)] "Error with Permissions-Policy header: Unrecognized feature: 'private-state-token-redemption'.", source:  (0)
[0628/151123.379:INFO:CONSOLE(0)] "Error with Permissions-Policy header: Unrecognized feature: 'unload'.", source:  (0)
[0628/151123.379:INFO:CONSOLE(0)] "Error with Permissions-Policy header: Unrecognized feature: 'window-management'.", source:  (0)
[0628/151123.379:INFO:CONSOLE(0)] "Document-Policy HTTP header: Unrecognized document policy feature name include-js-call-stacks-in-crash-reports.", source: https://web.whatsapp.com/ (0)
[0628/151123.458:INFO:CONSOLE(0)] "Error with Permissions-Policy header: Feature xr-spatial-tracking's parameters are ignored.", source:  (0)
[0628/151123.458:INFO:CONSOLE(0)] "Error with Permissions-Policy header: Origin trial controlled feature not enabled: 'attribution-reporting'.", source:  (0)
[0628/151123.458:INFO:CONSOLE(0)] "Error with Permissions-Policy header: Unrecognized feature: 'compute-pressure'.", source:  (0)
[0628/151123.458:INFO:CONSOLE(0)] "Error with Permissions-Policy header: Origin trial controlled feature not enabled: 'interest-cohort'.", source:  (0)
[0628/151123.458:INFO:CONSOLE(0)] "Error with Permissions-Policy header: Unrecognized feature: 'private-state-token-issuance'.", source:  (0)
[0628/151123.458:INFO:CONSOLE(0)] "Error with Permissions-Policy header: Origin trial controlled feature not enabled: 'shared-storage'.", source:  (0)
[0628/151123.458:INFO:CONSOLE(0)] "Error with Permissions-Policy header: Unrecognized feature: 'shared-storage-select-url'.", source:  (0)
[0628/151123.458:INFO:CONSOLE(0)] "Error with Permissions-Policy header: Unrecognized feature: 'private-state-token-redemption'.", source:  (0)
[0628/151123.458:INFO:CONSOLE(0)] "Error with Permissions-Policy header: Unrecognized feature: 'unload'.", source:  (0)
[0628/151123.458:INFO:CONSOLE(0)] "Error with Permissions-Policy header: Unrecognized feature: 'window-management'.", source:  (0)
[0628/151123.458:INFO:CONSOLE(0)] "Document-Policy HTTP header: Unrecognized document policy feature name include-js-call-stacks-in-crash-reports.", source: https://web.whatsapp.com/ (0)
[0628/151133.958:ERROR:quota_database.cc(929)] Could not open the quota database, resetting.
[0628/151137.966:INFO:CONSOLE(163)] "Event handler of 'x-storagemutated-1' event must be added on the initial evaluation of worker script.", source: https://static.whatsapp.net/rsrc.php/v4/y_/r/94n5BtYWk84.js (163)
[0628/151138.915:ERROR:quota_database.cc(929)] Could not open the quota database, resetting.
[0628/151141.854:ERROR:quota_database.cc(931)] Failed to reset the quota database.
[0628/151141.854:ERROR:quota_database.cc(931)] Failed to reset the quota database.
[0628/151340.175:INFO:CONSOLE(163)] "Event handler of 'x-storagemutated-1' event must be added on the initial evaluation of worker script.", source: https://static.whatsapp.net/rsrc.php/v4/y_/r/94n5BtYWk84.js (163)
[0628/151404.057:ERROR:cache_util_win.cc(20)] Unable to move the cache: Access is denied. (0x5)
[0628/151404.057:ERROR:disk_cache.cc(205)] Unable to create cache
[0628/151404.057:ERROR:gpu_disk_cache.cc(673)] Gpu Cache Creation failed: -2
[0628/151404.057:ERROR:cache_util_win.cc(20)] Unable to move the cache: Access is denied. (0x5)
[0628/151404.057:ERROR:disk_cache.cc(205)] Unable to create cache
[0628/151404.057:ERROR:gpu_disk_cache.cc(673)] Gpu Cache Creation failed: -2
[0628/151404.434:ERROR:cache_util_win.cc(20)] Unable to move the cache: Access is denied. (0x5)
[0628/151404.435:ERROR:disk_cache.cc(205)] Unable to create cache
[0628/151404.703:INFO:CONSOLE(163)] "Event handler of 'x-storagemutated-1' event must be added on the initial evaluation of worker script.", source: https://static.whatsapp.net/rsrc.php/v4/y_/r/94n5BtYWk84.js (163)
[0628/151404.853:INFO:CONSOLE(0)] "Error with Permissions-Policy header: Feature xr-spatial-tracking's parameters are ignored.", source:  (0)
[0628/151404.853:INFO:CONSOLE(0)] "Error with Permissions-Policy header: Origin trial controlled feature not enabled: 'attribution-reporting'.", source:  (0)
[0628/151404.853:INFO:CONSOLE(0)] "Error with Permissions-Policy header: Unrecognized feature: 'compute-pressure'.", source:  (0)
[0628/151404.853:INFO:CONSOLE(0)] "Error with Permissions-Policy header: Origin trial controlled feature not enabled: 'interest-cohort'.", source:  (0)
[0628/151404.853:INFO:CONSOLE(0)] "Error with Permissions-Policy header: Unrecognized feature: 'private-state-token-issuance'.", source:  (0)
[0628/151404.853:INFO:CONSOLE(0)] "Error with Permissions-Policy header: Origin trial controlled feature not enabled: 'shared-storage'.", source:  (0)
[0628/151404.853:INFO:CONSOLE(0)] "Error with Permissions-Policy header: Unrecognized feature: 'shared-storage-select-url'.", source:  (0)
[0628/151404.853:INFO:CONSOLE(0)] "Error with Permissions-Policy header: Unrecognized feature: 'private-state-token-redemption'.", source:  (0)
[0628/151404.853:INFO:CONSOLE(0)] "Error with Permissions-Policy header: Unrecognized feature: 'unload'.", source:  (0)
[0628/151404.853:INFO:CONSOLE(0)] "Error with Permissions-Policy header: Unrecognized feature: 'window-management'.", source:  (0)
[0628/151404.854:INFO:CONSOLE(0)] "Document-Policy HTTP header: Unrecognized document policy feature name include-js-call-stacks-in-crash-reports.", source: https://web.whatsapp.com/ (0)
[0628/151406.856:ERROR:cache_util_win.cc(20)] Unable to move the cache: Access is denied. (0x5)
[0628/151406.856:ERROR:cache_util_win.cc(20)] Unable to move the cache: Access is denied. (0x5)
[0628/151406.857:ERROR:disk_cache.cc(205)] Unable to create cache
[0628/151406.857:ERROR:gpu_disk_cache.cc(673)] Gpu Cache Creation failed: -2
[0628/151406.857:ERROR:disk_cache.cc(205)] Unable to create cache
[0628/151406.857:ERROR:gpu_disk_cache.cc(673)] Gpu Cache Creation failed: -2
[0628/151408.874:ERROR:cache_util_win.cc(20)] Unable to move the cache: Access is denied. (0x5)
[0628/151408.874:ERROR:disk_cache.cc(205)] Unable to create cache
[0628/151409.224:INFO:CONSOLE(0)] "Error with Permissions-Policy header: Feature xr-spatial-tracking's parameters are ignored.", source:  (0)
[0628/151409.224:INFO:CONSOLE(0)] "Error with Permissions-Policy header: Origin trial controlled feature not enabled: 'attribution-reporting'.", source:  (0)
[0628/151409.224:INFO:CONSOLE(0)] "Error with Permissions-Policy header: Unrecognized feature: 'compute-pressure'.", source:  (0)
[0628/151409.224:INFO:CONSOLE(0)] "Error with Permissions-Policy header: Origin trial controlled feature not enabled: 'interest-cohort'.", source:  (0)
[0628/151409.225:INFO:CONSOLE(0)] "Error with Permissions-Policy header: Unrecognized feature: 'private-state-token-issuance'.", source:  (0)
[0628/151409.225:INFO:CONSOLE(0)] "Error with Permissions-Policy header: Origin trial controlled feature not enabled: 'shared-storage'.", source:  (0)
[0628/151409.225:INFO:CONSOLE(0)] "Error with Permissions-Policy header: Unrecognized feature: 'shared-storage-select-url'.", source:  (0)
[0628/151409.225:INFO:CONSOLE(0)] "Error with Permissions-Policy header: Unrecognized feature: 'private-state-token-redemption'.", source:  (0)
[0628/151409.225:INFO:CONSOLE(0)] "Error with Permissions-Policy header: Unrecognized feature: 'unload'.", source:  (0)
[0628/151409.225:INFO:CONSOLE(0)] "Error with Permissions-Policy header: Unrecognized feature: 'window-management'.", source:  (0)
[0628/151409.225:INFO:CONSOLE(0)] "Document-Policy HTTP header: Unrecognized document policy feature name include-js-call-stacks-in-crash-reports.", source: https://web.whatsapp.com/ (0)
[0628/151409.884:ERROR:service_worker_storage.cc(1933)] Failed to delete the database: Database IO error
[0628/151416.453:ERROR:leveldb_factory.cc(88)] Failed to open LevelDB database from D:\laragon\www\wa-gooo\.wwebjs_auth\session-user-6852cc9c2a74aa3f2b1209a0-1751098282509\Default\IndexedDB\https_web.whatsapp.com_0.indexeddb.leveldb,IO error: D:\laragon\www\wa-gooo\.wwebjs_auth\session-user-6852cc9c2a74aa3f2b1209a0-1751098282509\Default\IndexedDB\https_web.whatsapp.com_0.indexeddb.leveldb/LOCK: File currently in use. (ChromeMethodBFE: 15::LockFile::2)
[0628/151418.478:ERROR:leveldb_factory.cc(88)] Failed to open LevelDB database from D:\laragon\www\wa-gooo\.wwebjs_auth\session-user-6852cc9c2a74aa3f2b1209a0-1751098282509\Default\IndexedDB\https_web.whatsapp.com_0.indexeddb.leveldb,IO error: D:\laragon\www\wa-gooo\.wwebjs_auth\session-user-6852cc9c2a74aa3f2b1209a0-1751098282509\Default\IndexedDB\https_web.whatsapp.com_0.indexeddb.leveldb/LOCK: File currently in use. (ChromeMethodBFE: 15::LockFile::2)
[0628/151420.521:ERROR:leveldb_factory.cc(88)] Failed to open LevelDB database from D:\laragon\www\wa-gooo\.wwebjs_auth\session-user-6852cc9c2a74aa3f2b1209a0-1751098282509\Default\IndexedDB\https_web.whatsapp.com_0.indexeddb.leveldb,IO error: D:\laragon\www\wa-gooo\.wwebjs_auth\session-user-6852cc9c2a74aa3f2b1209a0-1751098282509\Default\IndexedDB\https_web.whatsapp.com_0.indexeddb.leveldb/LOCK: File currently in use. (ChromeMethodBFE: 15::LockFile::2)
[0628/151422.566:ERROR:leveldb_factory.cc(88)] Failed to open LevelDB database from D:\laragon\www\wa-gooo\.wwebjs_auth\session-user-6852cc9c2a74aa3f2b1209a0-1751098282509\Default\IndexedDB\https_web.whatsapp.com_0.indexeddb.leveldb,IO error: D:\laragon\www\wa-gooo\.wwebjs_auth\session-user-6852cc9c2a74aa3f2b1209a0-1751098282509\Default\IndexedDB\https_web.whatsapp.com_0.indexeddb.leveldb/LOCK: File currently in use. (ChromeMethodBFE: 15::LockFile::2)
[0628/151422.832:INFO:CONSOLE(163)] "Event handler of 'x-storagemutated-1' event must be added on the initial evaluation of worker script.", source: https://static.whatsapp.net/rsrc.php/v4/y_/r/94n5BtYWk84.js (163)
[0628/151424.626:ERROR:leveldb_factory.cc(88)] Failed to open LevelDB database from D:\laragon\www\wa-gooo\.wwebjs_auth\session-user-6852cc9c2a74aa3f2b1209a0-1751098282509\Default\IndexedDB\https_web.whatsapp.com_0.indexeddb.leveldb,IO error: D:\laragon\www\wa-gooo\.wwebjs_auth\session-user-6852cc9c2a74aa3f2b1209a0-1751098282509\Default\IndexedDB\https_web.whatsapp.com_0.indexeddb.leveldb/LOCK: File currently in use. (ChromeMethodBFE: 15::LockFile::2)
[0628/151426.642:ERROR:leveldb_factory.cc(88)] Failed to open LevelDB database from D:\laragon\www\wa-gooo\.wwebjs_auth\session-user-6852cc9c2a74aa3f2b1209a0-1751098282509\Default\IndexedDB\https_web.whatsapp.com_0.indexeddb.leveldb,IO error: D:\laragon\www\wa-gooo\.wwebjs_auth\session-user-6852cc9c2a74aa3f2b1209a0-1751098282509\Default\IndexedDB\https_web.whatsapp.com_0.indexeddb.leveldb/LOCK: File currently in use. (ChromeMethodBFE: 15::LockFile::2)
[0628/151428.659:ERROR:leveldb_factory.cc(88)] Failed to open LevelDB database from D:\laragon\www\wa-gooo\.wwebjs_auth\session-user-6852cc9c2a74aa3f2b1209a0-1751098282509\Default\IndexedDB\https_web.whatsapp.com_0.indexeddb.leveldb,IO error: D:\laragon\www\wa-gooo\.wwebjs_auth\session-user-6852cc9c2a74aa3f2b1209a0-1751098282509\Default\IndexedDB\https_web.whatsapp.com_0.indexeddb.leveldb/LOCK: File currently in use. (ChromeMethodBFE: 15::LockFile::2)
[0628/151430.702:ERROR:leveldb_factory.cc(88)] Failed to open LevelDB database from D:\laragon\www\wa-gooo\.wwebjs_auth\session-user-6852cc9c2a74aa3f2b1209a0-1751098282509\Default\IndexedDB\https_web.whatsapp.com_0.indexeddb.leveldb,IO error: D:\laragon\www\wa-gooo\.wwebjs_auth\session-user-6852cc9c2a74aa3f2b1209a0-1751098282509\Default\IndexedDB\https_web.whatsapp.com_0.indexeddb.leveldb/LOCK: File currently in use. (ChromeMethodBFE: 15::LockFile::2)
[0628/151432.722:ERROR:leveldb_factory.cc(88)] Failed to open LevelDB database from D:\laragon\www\wa-gooo\.wwebjs_auth\session-user-6852cc9c2a74aa3f2b1209a0-1751098282509\Default\IndexedDB\https_web.whatsapp.com_0.indexeddb.leveldb,IO error: D:\laragon\www\wa-gooo\.wwebjs_auth\session-user-6852cc9c2a74aa3f2b1209a0-1751098282509\Default\IndexedDB\https_web.whatsapp.com_0.indexeddb.leveldb/LOCK: File currently in use. (ChromeMethodBFE: 15::LockFile::2)
[0628/151434.773:ERROR:leveldb_factory.cc(88)] Failed to open LevelDB database from D:\laragon\www\wa-gooo\.wwebjs_auth\session-user-6852cc9c2a74aa3f2b1209a0-1751098282509\Default\IndexedDB\https_web.whatsapp.com_0.indexeddb.leveldb,IO error: D:\laragon\www\wa-gooo\.wwebjs_auth\session-user-6852cc9c2a74aa3f2b1209a0-1751098282509\Default\IndexedDB\https_web.whatsapp.com_0.indexeddb.leveldb/LOCK: File currently in use. (ChromeMethodBFE: 15::LockFile::2)
[0628/151436.788:ERROR:leveldb_factory.cc(88)] Failed to open LevelDB database from D:\laragon\www\wa-gooo\.wwebjs_auth\session-user-6852cc9c2a74aa3f2b1209a0-1751098282509\Default\IndexedDB\https_web.whatsapp.com_0.indexeddb.leveldb,IO error: D:\laragon\www\wa-gooo\.wwebjs_auth\session-user-6852cc9c2a74aa3f2b1209a0-1751098282509\Default\IndexedDB\https_web.whatsapp.com_0.indexeddb.leveldb/LOCK: File currently in use. (ChromeMethodBFE: 15::LockFile::2)
[0628/151438.811:ERROR:leveldb_factory.cc(88)] Failed to open LevelDB database from D:\laragon\www\wa-gooo\.wwebjs_auth\session-user-6852cc9c2a74aa3f2b1209a0-1751098282509\Default\IndexedDB\https_web.whatsapp.com_0.indexeddb.leveldb,IO error: D:\laragon\www\wa-gooo\.wwebjs_auth\session-user-6852cc9c2a74aa3f2b1209a0-1751098282509\Default\IndexedDB\https_web.whatsapp.com_0.indexeddb.leveldb/LOCK: File currently in use. (ChromeMethodBFE: 15::LockFile::2)
[0628/151440.832:ERROR:leveldb_factory.cc(88)] Failed to open LevelDB database from D:\laragon\www\wa-gooo\.wwebjs_auth\session-user-6852cc9c2a74aa3f2b1209a0-1751098282509\Default\IndexedDB\https_web.whatsapp.com_0.indexeddb.leveldb,IO error: D:\laragon\www\wa-gooo\.wwebjs_auth\session-user-6852cc9c2a74aa3f2b1209a0-1751098282509\Default\IndexedDB\https_web.whatsapp.com_0.indexeddb.leveldb/LOCK: File currently in use. (ChromeMethodBFE: 15::LockFile::2)
[0628/151442.856:ERROR:leveldb_factory.cc(88)] Failed to open LevelDB database from D:\laragon\www\wa-gooo\.wwebjs_auth\session-user-6852cc9c2a74aa3f2b1209a0-1751098282509\Default\IndexedDB\https_web.whatsapp.com_0.indexeddb.leveldb,IO error: D:\laragon\www\wa-gooo\.wwebjs_auth\session-user-6852cc9c2a74aa3f2b1209a0-1751098282509\Default\IndexedDB\https_web.whatsapp.com_0.indexeddb.leveldb/LOCK: File currently in use. (ChromeMethodBFE: 15::LockFile::2)
[0628/151444.876:ERROR:leveldb_factory.cc(88)] Failed to open LevelDB database from D:\laragon\www\wa-gooo\.wwebjs_auth\session-user-6852cc9c2a74aa3f2b1209a0-1751098282509\Default\IndexedDB\https_web.whatsapp.com_0.indexeddb.leveldb,IO error: D:\laragon\www\wa-gooo\.wwebjs_auth\session-user-6852cc9c2a74aa3f2b1209a0-1751098282509\Default\IndexedDB\https_web.whatsapp.com_0.indexeddb.leveldb/LOCK: File currently in use. (ChromeMethodBFE: 15::LockFile::2)
[0628/151446.888:ERROR:leveldb_factory.cc(88)] Failed to open LevelDB database from D:\laragon\www\wa-gooo\.wwebjs_auth\session-user-6852cc9c2a74aa3f2b1209a0-1751098282509\Default\IndexedDB\https_web.whatsapp.com_0.indexeddb.leveldb,IO error: D:\laragon\www\wa-gooo\.wwebjs_auth\session-user-6852cc9c2a74aa3f2b1209a0-1751098282509\Default\IndexedDB\https_web.whatsapp.com_0.indexeddb.leveldb/LOCK: File currently in use. (ChromeMethodBFE: 15::LockFile::2)
[0628/151448.908:ERROR:leveldb_factory.cc(88)] Failed to open LevelDB database from D:\laragon\www\wa-gooo\.wwebjs_auth\session-user-6852cc9c2a74aa3f2b1209a0-1751098282509\Default\IndexedDB\https_web.whatsapp.com_0.indexeddb.leveldb,IO error: D:\laragon\www\wa-gooo\.wwebjs_auth\session-user-6852cc9c2a74aa3f2b1209a0-1751098282509\Default\IndexedDB\https_web.whatsapp.com_0.indexeddb.leveldb/LOCK: File currently in use. (ChromeMethodBFE: 15::LockFile::2)
[0628/151450.931:ERROR:leveldb_factory.cc(88)] Failed to open LevelDB database from D:\laragon\www\wa-gooo\.wwebjs_auth\session-user-6852cc9c2a74aa3f2b1209a0-1751098282509\Default\IndexedDB\https_web.whatsapp.com_0.indexeddb.leveldb,IO error: D:\laragon\www\wa-gooo\.wwebjs_auth\session-user-6852cc9c2a74aa3f2b1209a0-1751098282509\Default\IndexedDB\https_web.whatsapp.com_0.indexeddb.leveldb/LOCK: File currently in use. (ChromeMethodBFE: 15::LockFile::2)
[0628/151452.954:ERROR:leveldb_factory.cc(88)] Failed to open LevelDB database from D:\laragon\www\wa-gooo\.wwebjs_auth\session-user-6852cc9c2a74aa3f2b1209a0-1751098282509\Default\IndexedDB\https_web.whatsapp.com_0.indexeddb.leveldb,IO error: D:\laragon\www\wa-gooo\.wwebjs_auth\session-user-6852cc9c2a74aa3f2b1209a0-1751098282509\Default\IndexedDB\https_web.whatsapp.com_0.indexeddb.leveldb/LOCK: File currently in use. (ChromeMethodBFE: 15::LockFile::2)
[0628/151454.988:ERROR:leveldb_factory.cc(88)] Failed to open LevelDB database from D:\laragon\www\wa-gooo\.wwebjs_auth\session-user-6852cc9c2a74aa3f2b1209a0-1751098282509\Default\IndexedDB\https_web.whatsapp.com_0.indexeddb.leveldb,IO error: D:\laragon\www\wa-gooo\.wwebjs_auth\session-user-6852cc9c2a74aa3f2b1209a0-1751098282509\Default\IndexedDB\https_web.whatsapp.com_0.indexeddb.leveldb/LOCK: File currently in use. (ChromeMethodBFE: 15::LockFile::2)
[0628/151457.011:ERROR:leveldb_factory.cc(88)] Failed to open LevelDB database from D:\laragon\www\wa-gooo\.wwebjs_auth\session-user-6852cc9c2a74aa3f2b1209a0-1751098282509\Default\IndexedDB\https_web.whatsapp.com_0.indexeddb.leveldb,IO error: D:\laragon\www\wa-gooo\.wwebjs_auth\session-user-6852cc9c2a74aa3f2b1209a0-1751098282509\Default\IndexedDB\https_web.whatsapp.com_0.indexeddb.leveldb/LOCK: File currently in use. (ChromeMethodBFE: 15::LockFile::2)
[0628/151459.046:ERROR:leveldb_factory.cc(88)] Failed to open LevelDB database from D:\laragon\www\wa-gooo\.wwebjs_auth\session-user-6852cc9c2a74aa3f2b1209a0-1751098282509\Default\IndexedDB\https_web.whatsapp.com_0.indexeddb.leveldb,IO error: D:\laragon\www\wa-gooo\.wwebjs_auth\session-user-6852cc9c2a74aa3f2b1209a0-1751098282509\Default\IndexedDB\https_web.whatsapp.com_0.indexeddb.leveldb/LOCK: File currently in use. (ChromeMethodBFE: 15::LockFile::2)
[0628/151501.072:ERROR:leveldb_factory.cc(88)] Failed to open LevelDB database from D:\laragon\www\wa-gooo\.wwebjs_auth\session-user-6852cc9c2a74aa3f2b1209a0-1751098282509\Default\IndexedDB\https_web.whatsapp.com_0.indexeddb.leveldb,IO error: D:\laragon\www\wa-gooo\.wwebjs_auth\session-user-6852cc9c2a74aa3f2b1209a0-1751098282509\Default\IndexedDB\https_web.whatsapp.com_0.indexeddb.leveldb/LOCK: File currently in use. (ChromeMethodBFE: 15::LockFile::2)
[0628/151503.084:ERROR:leveldb_factory.cc(88)] Failed to open LevelDB database from D:\laragon\www\wa-gooo\.wwebjs_auth\session-user-6852cc9c2a74aa3f2b1209a0-1751098282509\Default\IndexedDB\https_web.whatsapp.com_0.indexeddb.leveldb,IO error: D:\laragon\www\wa-gooo\.wwebjs_auth\session-user-6852cc9c2a74aa3f2b1209a0-1751098282509\Default\IndexedDB\https_web.whatsapp.com_0.indexeddb.leveldb/LOCK: File currently in use. (ChromeMethodBFE: 15::LockFile::2)
[0628/151505.098:ERROR:leveldb_factory.cc(88)] Failed to open LevelDB database from D:\laragon\www\wa-gooo\.wwebjs_auth\session-user-6852cc9c2a74aa3f2b1209a0-1751098282509\Default\IndexedDB\https_web.whatsapp.com_0.indexeddb.leveldb,IO error: D:\laragon\www\wa-gooo\.wwebjs_auth\session-user-6852cc9c2a74aa3f2b1209a0-1751098282509\Default\IndexedDB\https_web.whatsapp.com_0.indexeddb.leveldb/LOCK: File currently in use. (ChromeMethodBFE: 15::LockFile::2)
[0628/151507.130:ERROR:leveldb_factory.cc(88)] Failed to open LevelDB database from D:\laragon\www\wa-gooo\.wwebjs_auth\session-user-6852cc9c2a74aa3f2b1209a0-1751098282509\Default\IndexedDB\https_web.whatsapp.com_0.indexeddb.leveldb,IO error: D:\laragon\www\wa-gooo\.wwebjs_auth\session-user-6852cc9c2a74aa3f2b1209a0-1751098282509\Default\IndexedDB\https_web.whatsapp.com_0.indexeddb.leveldb/LOCK: File currently in use. (ChromeMethodBFE: 15::LockFile::2)
[0628/151509.160:ERROR:leveldb_factory.cc(88)] Failed to open LevelDB database from D:\laragon\www\wa-gooo\.wwebjs_auth\session-user-6852cc9c2a74aa3f2b1209a0-1751098282509\Default\IndexedDB\https_web.whatsapp.com_0.indexeddb.leveldb,IO error: D:\laragon\www\wa-gooo\.wwebjs_auth\session-user-6852cc9c2a74aa3f2b1209a0-1751098282509\Default\IndexedDB\https_web.whatsapp.com_0.indexeddb.leveldb/LOCK: File currently in use. (ChromeMethodBFE: 15::LockFile::2)
[0628/151511.186:ERROR:leveldb_factory.cc(88)] Failed to open LevelDB database from D:\laragon\www\wa-gooo\.wwebjs_auth\session-user-6852cc9c2a74aa3f2b1209a0-1751098282509\Default\IndexedDB\https_web.whatsapp.com_0.indexeddb.leveldb,IO error: D:\laragon\www\wa-gooo\.wwebjs_auth\session-user-6852cc9c2a74aa3f2b1209a0-1751098282509\Default\IndexedDB\https_web.whatsapp.com_0.indexeddb.leveldb/LOCK: File currently in use. (ChromeMethodBFE: 15::LockFile::2)
[0628/151513.207:ERROR:leveldb_factory.cc(88)] Failed to open LevelDB database from D:\laragon\www\wa-gooo\.wwebjs_auth\session-user-6852cc9c2a74aa3f2b1209a0-1751098282509\Default\IndexedDB\https_web.whatsapp.com_0.indexeddb.leveldb,IO error: D:\laragon\www\wa-gooo\.wwebjs_auth\session-user-6852cc9c2a74aa3f2b1209a0-1751098282509\Default\IndexedDB\https_web.whatsapp.com_0.indexeddb.leveldb/LOCK: File currently in use. (ChromeMethodBFE: 15::LockFile::2)
[0628/151515.233:ERROR:leveldb_factory.cc(88)] Failed to open LevelDB database from D:\laragon\www\wa-gooo\.wwebjs_auth\session-user-6852cc9c2a74aa3f2b1209a0-1751098282509\Default\IndexedDB\https_web.whatsapp.com_0.indexeddb.leveldb,IO error: D:\laragon\www\wa-gooo\.wwebjs_auth\session-user-6852cc9c2a74aa3f2b1209a0-1751098282509\Default\IndexedDB\https_web.whatsapp.com_0.indexeddb.leveldb/LOCK: File currently in use. (ChromeMethodBFE: 15::LockFile::2)
[0628/151517.256:ERROR:leveldb_factory.cc(88)] Failed to open LevelDB database from D:\laragon\www\wa-gooo\.wwebjs_auth\session-user-6852cc9c2a74aa3f2b1209a0-1751098282509\Default\IndexedDB\https_web.whatsapp.com_0.indexeddb.leveldb,IO error: D:\laragon\www\wa-gooo\.wwebjs_auth\session-user-6852cc9c2a74aa3f2b1209a0-1751098282509\Default\IndexedDB\https_web.whatsapp.com_0.indexeddb.leveldb/LOCK: File currently in use. (ChromeMethodBFE: 15::LockFile::2)
[0628/151519.276:ERROR:leveldb_factory.cc(88)] Failed to open LevelDB database from D:\laragon\www\wa-gooo\.wwebjs_auth\session-user-6852cc9c2a74aa3f2b1209a0-1751098282509\Default\IndexedDB\https_web.whatsapp.com_0.indexeddb.leveldb,IO error: D:\laragon\www\wa-gooo\.wwebjs_auth\session-user-6852cc9c2a74aa3f2b1209a0-1751098282509\Default\IndexedDB\https_web.whatsapp.com_0.indexeddb.leveldb/LOCK: File currently in use. (ChromeMethodBFE: 15::LockFile::2)
[0628/151521.296:ERROR:leveldb_factory.cc(88)] Failed to open LevelDB database from D:\laragon\www\wa-gooo\.wwebjs_auth\session-user-6852cc9c2a74aa3f2b1209a0-1751098282509\Default\IndexedDB\https_web.whatsapp.com_0.indexeddb.leveldb,IO error: D:\laragon\www\wa-gooo\.wwebjs_auth\session-user-6852cc9c2a74aa3f2b1209a0-1751098282509\Default\IndexedDB\https_web.whatsapp.com_0.indexeddb.leveldb/LOCK: File currently in use. (ChromeMethodBFE: 15::LockFile::2)
[0628/151523.311:ERROR:leveldb_factory.cc(88)] Failed to open LevelDB database from D:\laragon\www\wa-gooo\.wwebjs_auth\session-user-6852cc9c2a74aa3f2b1209a0-1751098282509\Default\IndexedDB\https_web.whatsapp.com_0.indexeddb.leveldb,IO error: D:\laragon\www\wa-gooo\.wwebjs_auth\session-user-6852cc9c2a74aa3f2b1209a0-1751098282509\Default\IndexedDB\https_web.whatsapp.com_0.indexeddb.leveldb/LOCK: File currently in use. (ChromeMethodBFE: 15::LockFile::2)
[0628/151525.335:ERROR:leveldb_factory.cc(88)] Failed to open LevelDB database from D:\laragon\www\wa-gooo\.wwebjs_auth\session-user-6852cc9c2a74aa3f2b1209a0-1751098282509\Default\IndexedDB\https_web.whatsapp.com_0.indexeddb.leveldb,IO error: D:\laragon\www\wa-gooo\.wwebjs_auth\session-user-6852cc9c2a74aa3f2b1209a0-1751098282509\Default\IndexedDB\https_web.whatsapp.com_0.indexeddb.leveldb/LOCK: File currently in use. (ChromeMethodBFE: 15::LockFile::2)
[0628/151527.357:ERROR:leveldb_factory.cc(88)] Failed to open LevelDB database from D:\laragon\www\wa-gooo\.wwebjs_auth\session-user-6852cc9c2a74aa3f2b1209a0-1751098282509\Default\IndexedDB\https_web.whatsapp.com_0.indexeddb.leveldb,IO error: D:\laragon\www\wa-gooo\.wwebjs_auth\session-user-6852cc9c2a74aa3f2b1209a0-1751098282509\Default\IndexedDB\https_web.whatsapp.com_0.indexeddb.leveldb/LOCK: File currently in use. (ChromeMethodBFE: 15::LockFile::2)
[0628/151529.382:ERROR:leveldb_factory.cc(88)] Failed to open LevelDB database from D:\laragon\www\wa-gooo\.wwebjs_auth\session-user-6852cc9c2a74aa3f2b1209a0-1751098282509\Default\IndexedDB\https_web.whatsapp.com_0.indexeddb.leveldb,IO error: D:\laragon\www\wa-gooo\.wwebjs_auth\session-user-6852cc9c2a74aa3f2b1209a0-1751098282509\Default\IndexedDB\https_web.whatsapp.com_0.indexeddb.leveldb/LOCK: File currently in use. (ChromeMethodBFE: 15::LockFile::2)
[0628/151531.417:ERROR:leveldb_factory.cc(88)] Failed to open LevelDB database from D:\laragon\www\wa-gooo\.wwebjs_auth\session-user-6852cc9c2a74aa3f2b1209a0-1751098282509\Default\IndexedDB\https_web.whatsapp.com_0.indexeddb.leveldb,IO error: D:\laragon\www\wa-gooo\.wwebjs_auth\session-user-6852cc9c2a74aa3f2b1209a0-1751098282509\Default\IndexedDB\https_web.whatsapp.com_0.indexeddb.leveldb/LOCK: File currently in use. (ChromeMethodBFE: 15::LockFile::2)
[0628/151533.434:ERROR:leveldb_factory.cc(88)] Failed to open LevelDB database from D:\laragon\www\wa-gooo\.wwebjs_auth\session-user-6852cc9c2a74aa3f2b1209a0-1751098282509\Default\IndexedDB\https_web.whatsapp.com_0.indexeddb.leveldb,IO error: D:\laragon\www\wa-gooo\.wwebjs_auth\session-user-6852cc9c2a74aa3f2b1209a0-1751098282509\Default\IndexedDB\https_web.whatsapp.com_0.indexeddb.leveldb/LOCK: File currently in use. (ChromeMethodBFE: 15::LockFile::2)
[0628/151535.455:ERROR:leveldb_factory.cc(88)] Failed to open LevelDB database from D:\laragon\www\wa-gooo\.wwebjs_auth\session-user-6852cc9c2a74aa3f2b1209a0-1751098282509\Default\IndexedDB\https_web.whatsapp.com_0.indexeddb.leveldb,IO error: D:\laragon\www\wa-gooo\.wwebjs_auth\session-user-6852cc9c2a74aa3f2b1209a0-1751098282509\Default\IndexedDB\https_web.whatsapp.com_0.indexeddb.leveldb/LOCK: File currently in use. (ChromeMethodBFE: 15::LockFile::2)
[0628/151537.479:ERROR:leveldb_factory.cc(88)] Failed to open LevelDB database from D:\laragon\www\wa-gooo\.wwebjs_auth\session-user-6852cc9c2a74aa3f2b1209a0-1751098282509\Default\IndexedDB\https_web.whatsapp.com_0.indexeddb.leveldb,IO error: D:\laragon\www\wa-gooo\.wwebjs_auth\session-user-6852cc9c2a74aa3f2b1209a0-1751098282509\Default\IndexedDB\https_web.whatsapp.com_0.indexeddb.leveldb/LOCK: File currently in use. (ChromeMethodBFE: 15::LockFile::2)
[0628/151539.498:ERROR:leveldb_factory.cc(88)] Failed to open LevelDB database from D:\laragon\www\wa-gooo\.wwebjs_auth\session-user-6852cc9c2a74aa3f2b1209a0-1751098282509\Default\IndexedDB\https_web.whatsapp.com_0.indexeddb.leveldb,IO error: D:\laragon\www\wa-gooo\.wwebjs_auth\session-user-6852cc9c2a74aa3f2b1209a0-1751098282509\Default\IndexedDB\https_web.whatsapp.com_0.indexeddb.leveldb/LOCK: File currently in use. (ChromeMethodBFE: 15::LockFile::2)
[0628/151541.523:ERROR:leveldb_factory.cc(88)] Failed to open LevelDB database from D:\laragon\www\wa-gooo\.wwebjs_auth\session-user-6852cc9c2a74aa3f2b1209a0-1751098282509\Default\IndexedDB\https_web.whatsapp.com_0.indexeddb.leveldb,IO error: D:\laragon\www\wa-gooo\.wwebjs_auth\session-user-6852cc9c2a74aa3f2b1209a0-1751098282509\Default\IndexedDB\https_web.whatsapp.com_0.indexeddb.leveldb/LOCK: File currently in use. (ChromeMethodBFE: 15::LockFile::2)
[0628/151543.541:ERROR:leveldb_factory.cc(88)] Failed to open LevelDB database from D:\laragon\www\wa-gooo\.wwebjs_auth\session-user-6852cc9c2a74aa3f2b1209a0-1751098282509\Default\IndexedDB\https_web.whatsapp.com_0.indexeddb.leveldb,IO error: D:\laragon\www\wa-gooo\.wwebjs_auth\session-user-6852cc9c2a74aa3f2b1209a0-1751098282509\Default\IndexedDB\https_web.whatsapp.com_0.indexeddb.leveldb/LOCK: File currently in use. (ChromeMethodBFE: 15::LockFile::2)
[0628/151545.565:ERROR:leveldb_factory.cc(88)] Failed to open LevelDB database from D:\laragon\www\wa-gooo\.wwebjs_auth\session-user-6852cc9c2a74aa3f2b1209a0-1751098282509\Default\IndexedDB\https_web.whatsapp.com_0.indexeddb.leveldb,IO error: D:\laragon\www\wa-gooo\.wwebjs_auth\session-user-6852cc9c2a74aa3f2b1209a0-1751098282509\Default\IndexedDB\https_web.whatsapp.com_0.indexeddb.leveldb/LOCK: File currently in use. (ChromeMethodBFE: 15::LockFile::2)
[0628/151547.589:ERROR:leveldb_factory.cc(88)] Failed to open LevelDB database from D:\laragon\www\wa-gooo\.wwebjs_auth\session-user-6852cc9c2a74aa3f2b1209a0-1751098282509\Default\IndexedDB\https_web.whatsapp.com_0.indexeddb.leveldb,IO error: D:\laragon\www\wa-gooo\.wwebjs_auth\session-user-6852cc9c2a74aa3f2b1209a0-1751098282509\Default\IndexedDB\https_web.whatsapp.com_0.indexeddb.leveldb/LOCK: File currently in use. (ChromeMethodBFE: 15::LockFile::2)
[0628/151549.610:ERROR:leveldb_factory.cc(88)] Failed to open LevelDB database from D:\laragon\www\wa-gooo\.wwebjs_auth\session-user-6852cc9c2a74aa3f2b1209a0-1751098282509\Default\IndexedDB\https_web.whatsapp.com_0.indexeddb.leveldb,IO error: D:\laragon\www\wa-gooo\.wwebjs_auth\session-user-6852cc9c2a74aa3f2b1209a0-1751098282509\Default\IndexedDB\https_web.whatsapp.com_0.indexeddb.leveldb/LOCK: File currently in use. (ChromeMethodBFE: 15::LockFile::2)
[0628/151551.629:ERROR:leveldb_factory.cc(88)] Failed to open LevelDB database from D:\laragon\www\wa-gooo\.wwebjs_auth\session-user-6852cc9c2a74aa3f2b1209a0-1751098282509\Default\IndexedDB\https_web.whatsapp.com_0.indexeddb.leveldb,IO error: D:\laragon\www\wa-gooo\.wwebjs_auth\session-user-6852cc9c2a74aa3f2b1209a0-1751098282509\Default\IndexedDB\https_web.whatsapp.com_0.indexeddb.leveldb/LOCK: File currently in use. (ChromeMethodBFE: 15::LockFile::2)
[0628/151553.653:ERROR:leveldb_factory.cc(88)] Failed to open LevelDB database from D:\laragon\www\wa-gooo\.wwebjs_auth\session-user-6852cc9c2a74aa3f2b1209a0-1751098282509\Default\IndexedDB\https_web.whatsapp.com_0.indexeddb.leveldb,IO error: D:\laragon\www\wa-gooo\.wwebjs_auth\session-user-6852cc9c2a74aa3f2b1209a0-1751098282509\Default\IndexedDB\https_web.whatsapp.com_0.indexeddb.leveldb/LOCK: File currently in use. (ChromeMethodBFE: 15::LockFile::2)
[0628/151555.669:ERROR:leveldb_factory.cc(88)] Failed to open LevelDB database from D:\laragon\www\wa-gooo\.wwebjs_auth\session-user-6852cc9c2a74aa3f2b1209a0-1751098282509\Default\IndexedDB\https_web.whatsapp.com_0.indexeddb.leveldb,IO error: D:\laragon\www\wa-gooo\.wwebjs_auth\session-user-6852cc9c2a74aa3f2b1209a0-1751098282509\Default\IndexedDB\https_web.whatsapp.com_0.indexeddb.leveldb/LOCK: File currently in use. (ChromeMethodBFE: 15::LockFile::2)
[0628/151557.693:ERROR:leveldb_factory.cc(88)] Failed to open LevelDB database from D:\laragon\www\wa-gooo\.wwebjs_auth\session-user-6852cc9c2a74aa3f2b1209a0-1751098282509\Default\IndexedDB\https_web.whatsapp.com_0.indexeddb.leveldb,IO error: D:\laragon\www\wa-gooo\.wwebjs_auth\session-user-6852cc9c2a74aa3f2b1209a0-1751098282509\Default\IndexedDB\https_web.whatsapp.com_0.indexeddb.leveldb/LOCK: File currently in use. (ChromeMethodBFE: 15::LockFile::2)
[0628/151559.710:ERROR:leveldb_factory.cc(88)] Failed to open LevelDB database from D:\laragon\www\wa-gooo\.wwebjs_auth\session-user-6852cc9c2a74aa3f2b1209a0-1751098282509\Default\IndexedDB\https_web.whatsapp.com_0.indexeddb.leveldb,IO error: D:\laragon\www\wa-gooo\.wwebjs_auth\session-user-6852cc9c2a74aa3f2b1209a0-1751098282509\Default\IndexedDB\https_web.whatsapp.com_0.indexeddb.leveldb/LOCK: File currently in use. (ChromeMethodBFE: 15::LockFile::2)
[0628/151601.726:ERROR:leveldb_factory.cc(88)] Failed to open LevelDB database from D:\laragon\www\wa-gooo\.wwebjs_auth\session-user-6852cc9c2a74aa3f2b1209a0-1751098282509\Default\IndexedDB\https_web.whatsapp.com_0.indexeddb.leveldb,IO error: D:\laragon\www\wa-gooo\.wwebjs_auth\session-user-6852cc9c2a74aa3f2b1209a0-1751098282509\Default\IndexedDB\https_web.whatsapp.com_0.indexeddb.leveldb/LOCK: File currently in use. (ChromeMethodBFE: 15::LockFile::2)
[0628/151603.743:ERROR:leveldb_factory.cc(88)] Failed to open LevelDB database from D:\laragon\www\wa-gooo\.wwebjs_auth\session-user-6852cc9c2a74aa3f2b1209a0-1751098282509\Default\IndexedDB\https_web.whatsapp.com_0.indexeddb.leveldb,IO error: D:\laragon\www\wa-gooo\.wwebjs_auth\session-user-6852cc9c2a74aa3f2b1209a0-1751098282509\Default\IndexedDB\https_web.whatsapp.com_0.indexeddb.leveldb/LOCK: File currently in use. (ChromeMethodBFE: 15::LockFile::2)
[0628/151605.777:ERROR:leveldb_factory.cc(88)] Failed to open LevelDB database from D:\laragon\www\wa-gooo\.wwebjs_auth\session-user-6852cc9c2a74aa3f2b1209a0-1751098282509\Default\IndexedDB\https_web.whatsapp.com_0.indexeddb.leveldb,IO error: D:\laragon\www\wa-gooo\.wwebjs_auth\session-user-6852cc9c2a74aa3f2b1209a0-1751098282509\Default\IndexedDB\https_web.whatsapp.com_0.indexeddb.leveldb/LOCK: File currently in use. (ChromeMethodBFE: 15::LockFile::2)
[0628/151607.793:ERROR:leveldb_factory.cc(88)] Failed to open LevelDB database from D:\laragon\www\wa-gooo\.wwebjs_auth\session-user-6852cc9c2a74aa3f2b1209a0-1751098282509\Default\IndexedDB\https_web.whatsapp.com_0.indexeddb.leveldb,IO error: D:\laragon\www\wa-gooo\.wwebjs_auth\session-user-6852cc9c2a74aa3f2b1209a0-1751098282509\Default\IndexedDB\https_web.whatsapp.com_0.indexeddb.leveldb/LOCK: File currently in use. (ChromeMethodBFE: 15::LockFile::2)
[0628/151620.583:INFO:CONSOLE(163)] "Event handler of 'x-storagemutated-1' event must be added on the initial evaluation of worker script.", source: https://static.whatsapp.net/rsrc.php/v4/y_/r/94n5BtYWk84.js (163)
