[0628/151640.464:ERROR:cache_util_win.cc(20)] Unable to move the cache: Access is denied. (0x5)
[0628/151640.466:ERROR:disk_cache.cc(205)] Unable to create cache
[0628/151640.466:ERROR:gpu_disk_cache.cc(673)] Gpu Cache Creation failed: -2
[0628/151640.467:ERROR:cache_util_win.cc(20)] Unable to move the cache: Access is denied. (0x5)
[0628/151640.467:ERROR:disk_cache.cc(205)] Unable to create cache
[0628/151640.467:ERROR:gpu_disk_cache.cc(673)] Gpu Cache Creation failed: -2
[0628/151640.635:ERROR:cache_util_win.cc(20)] Unable to move the cache: Access is denied. (0x5)
[0628/151640.635:ERROR:disk_cache.cc(205)] Unable to create cache
[0628/151640.969:INFO:CONSOLE(0)] "Error with Permissions-Policy header: Feature xr-spatial-tracking's parameters are ignored.", source:  (0)
[0628/151640.969:INFO:CONSOLE(0)] "Error with Permissions-Policy header: Origin trial controlled feature not enabled: 'attribution-reporting'.", source:  (0)
[0628/151640.969:INFO:CONSOLE(0)] "Error with Permissions-Policy header: Unrecognized feature: 'compute-pressure'.", source:  (0)
[0628/151640.969:INFO:CONSOLE(0)] "Error with Permissions-Policy header: Origin trial controlled feature not enabled: 'interest-cohort'.", source:  (0)
[0628/151640.970:INFO:CONSOLE(0)] "Error with Permissions-Policy header: Unrecognized feature: 'private-state-token-issuance'.", source:  (0)
[0628/151640.970:INFO:CONSOLE(0)] "Error with Permissions-Policy header: Origin trial controlled feature not enabled: 'shared-storage'.", source:  (0)
[0628/151640.970:INFO:CONSOLE(0)] "Error with Permissions-Policy header: Unrecognized feature: 'shared-storage-select-url'.", source:  (0)
[0628/151640.970:INFO:CONSOLE(0)] "Error with Permissions-Policy header: Unrecognized feature: 'private-state-token-redemption'.", source:  (0)
[0628/151640.970:INFO:CONSOLE(0)] "Error with Permissions-Policy header: Unrecognized feature: 'unload'.", source:  (0)
[0628/151640.970:INFO:CONSOLE(0)] "Error with Permissions-Policy header: Unrecognized feature: 'window-management'.", source:  (0)
[0628/151640.970:INFO:CONSOLE(0)] "Document-Policy HTTP header: Unrecognized document policy feature name include-js-call-stacks-in-crash-reports.", source: https://web.whatsapp.com/ (0)
[0628/151641.038:INFO:CONSOLE(0)] "Error with Permissions-Policy header: Feature xr-spatial-tracking's parameters are ignored.", source:  (0)
[0628/151641.038:INFO:CONSOLE(0)] "Error with Permissions-Policy header: Origin trial controlled feature not enabled: 'attribution-reporting'.", source:  (0)
[0628/151641.039:INFO:CONSOLE(0)] "Error with Permissions-Policy header: Unrecognized feature: 'compute-pressure'.", source:  (0)
[0628/151641.039:INFO:CONSOLE(0)] "Error with Permissions-Policy header: Origin trial controlled feature not enabled: 'interest-cohort'.", source:  (0)
[0628/151641.039:INFO:CONSOLE(0)] "Error with Permissions-Policy header: Unrecognized feature: 'private-state-token-issuance'.", source:  (0)
[0628/151641.039:INFO:CONSOLE(0)] "Error with Permissions-Policy header: Origin trial controlled feature not enabled: 'shared-storage'.", source:  (0)
[0628/151641.039:INFO:CONSOLE(0)] "Error with Permissions-Policy header: Unrecognized feature: 'shared-storage-select-url'.", source:  (0)
[0628/151641.039:INFO:CONSOLE(0)] "Error with Permissions-Policy header: Unrecognized feature: 'private-state-token-redemption'.", source:  (0)
[0628/151641.040:INFO:CONSOLE(0)] "Error with Permissions-Policy header: Unrecognized feature: 'unload'.", source:  (0)
[0628/151641.040:INFO:CONSOLE(0)] "Error with Permissions-Policy header: Unrecognized feature: 'window-management'.", source:  (0)
[0628/151641.041:INFO:CONSOLE(0)] "Document-Policy HTTP header: Unrecognized document policy feature name include-js-call-stacks-in-crash-reports.", source: https://web.whatsapp.com/ (0)
[0628/151653.378:ERROR:quota_database.cc(929)] Could not open the quota database, resetting.
[0628/151654.709:INFO:CONSOLE(163)] "Event handler of 'x-storagemutated-1' event must be added on the initial evaluation of worker script.", source: https://static.whatsapp.net/rsrc.php/v4/y_/r/94n5BtYWk84.js (163)
[0628/151658.113:ERROR:quota_database.cc(929)] Could not open the quota database, resetting.
[0628/151701.090:ERROR:quota_database.cc(931)] Failed to reset the quota database.
[0628/151701.090:ERROR:quota_database.cc(931)] Failed to reset the quota database.
[0628/151857.902:INFO:CONSOLE(163)] "Event handler of 'x-storagemutated-1' event must be added on the initial evaluation of worker script.", source: https://static.whatsapp.net/rsrc.php/v4/y_/r/94n5BtYWk84.js (163)
[0628/151922.754:INFO:CONSOLE(163)] "Event handler of 'x-storagemutated-1' event must be added on the initial evaluation of worker script.", source: https://static.whatsapp.net/rsrc.php/v4/y_/r/94n5BtYWk84.js (163)
[0628/151923.000:INFO:CONSOLE(0)] "Error with Permissions-Policy header: Feature xr-spatial-tracking's parameters are ignored.", source:  (0)
[0628/151923.000:INFO:CONSOLE(0)] "Error with Permissions-Policy header: Origin trial controlled feature not enabled: 'attribution-reporting'.", source:  (0)
[0628/151923.000:INFO:CONSOLE(0)] "Error with Permissions-Policy header: Unrecognized feature: 'compute-pressure'.", source:  (0)
[0628/151923.000:INFO:CONSOLE(0)] "Error with Permissions-Policy header: Origin trial controlled feature not enabled: 'interest-cohort'.", source:  (0)
[0628/151923.000:INFO:CONSOLE(0)] "Error with Permissions-Policy header: Unrecognized feature: 'private-state-token-issuance'.", source:  (0)
[0628/151923.000:INFO:CONSOLE(0)] "Error with Permissions-Policy header: Origin trial controlled feature not enabled: 'shared-storage'.", source:  (0)
[0628/151923.000:INFO:CONSOLE(0)] "Error with Permissions-Policy header: Unrecognized feature: 'shared-storage-select-url'.", source:  (0)
[0628/151923.000:INFO:CONSOLE(0)] "Error with Permissions-Policy header: Unrecognized feature: 'private-state-token-redemption'.", source:  (0)
[0628/151923.000:INFO:CONSOLE(0)] "Error with Permissions-Policy header: Unrecognized feature: 'unload'.", source:  (0)
[0628/151923.000:INFO:CONSOLE(0)] "Error with Permissions-Policy header: Unrecognized feature: 'window-management'.", source:  (0)
[0628/151923.000:INFO:CONSOLE(0)] "Document-Policy HTTP header: Unrecognized document policy feature name include-js-call-stacks-in-crash-reports.", source: https://web.whatsapp.com/ (0)
[0628/151925.370:ERROR:cache_util_win.cc(20)] Unable to move the cache: Access is denied. (0x5)
[0628/151925.371:ERROR:disk_cache.cc(205)] Unable to create cache
[0628/151925.371:ERROR:gpu_disk_cache.cc(673)] Gpu Cache Creation failed: -2
[0628/151925.371:ERROR:cache_util_win.cc(20)] Unable to move the cache: Access is denied. (0x5)
[0628/151925.371:ERROR:disk_cache.cc(205)] Unable to create cache
[0628/151925.371:ERROR:gpu_disk_cache.cc(673)] Gpu Cache Creation failed: -2
[0628/151927.396:ERROR:cache_util_win.cc(20)] Unable to move the cache: Access is denied. (0x5)
[0628/151927.398:ERROR:disk_cache.cc(205)] Unable to create cache
[0628/151927.851:INFO:CONSOLE(0)] "Error with Permissions-Policy header: Feature xr-spatial-tracking's parameters are ignored.", source:  (0)
[0628/151927.851:INFO:CONSOLE(0)] "Error with Permissions-Policy header: Origin trial controlled feature not enabled: 'attribution-reporting'.", source:  (0)
[0628/151927.852:INFO:CONSOLE(0)] "Error with Permissions-Policy header: Unrecognized feature: 'compute-pressure'.", source:  (0)
[0628/151927.852:INFO:CONSOLE(0)] "Error with Permissions-Policy header: Origin trial controlled feature not enabled: 'interest-cohort'.", source:  (0)
[0628/151927.852:INFO:CONSOLE(0)] "Error with Permissions-Policy header: Unrecognized feature: 'private-state-token-issuance'.", source:  (0)
[0628/151927.852:INFO:CONSOLE(0)] "Error with Permissions-Policy header: Origin trial controlled feature not enabled: 'shared-storage'.", source:  (0)
[0628/151927.852:INFO:CONSOLE(0)] "Error with Permissions-Policy header: Unrecognized feature: 'shared-storage-select-url'.", source:  (0)
[0628/151927.852:INFO:CONSOLE(0)] "Error with Permissions-Policy header: Unrecognized feature: 'private-state-token-redemption'.", source:  (0)
[0628/151927.852:INFO:CONSOLE(0)] "Error with Permissions-Policy header: Unrecognized feature: 'unload'.", source:  (0)
[0628/151927.852:INFO:CONSOLE(0)] "Error with Permissions-Policy header: Unrecognized feature: 'window-management'.", source:  (0)
[0628/151927.852:INFO:CONSOLE(0)] "Document-Policy HTTP header: Unrecognized document policy feature name include-js-call-stacks-in-crash-reports.", source: https://web.whatsapp.com/ (0)
[0628/151928.399:ERROR:service_worker_storage.cc(1933)] Failed to delete the database: Database IO error
[0628/151934.473:ERROR:leveldb_factory.cc(88)] Failed to open LevelDB database from D:\laragon\www\wa-gooo\.wwebjs_auth\session-user-6852cc9c2a74aa3f2b1209a0-1751098599967\Default\IndexedDB\https_web.whatsapp.com_0.indexeddb.leveldb,IO error: D:\laragon\www\wa-gooo\.wwebjs_auth\session-user-6852cc9c2a74aa3f2b1209a0-1751098599967\Default\IndexedDB\https_web.whatsapp.com_0.indexeddb.leveldb/LOCK: File currently in use. (ChromeMethodBFE: 15::LockFile::2)
[0628/151936.492:ERROR:leveldb_factory.cc(88)] Failed to open LevelDB database from D:\laragon\www\wa-gooo\.wwebjs_auth\session-user-6852cc9c2a74aa3f2b1209a0-1751098599967\Default\IndexedDB\https_web.whatsapp.com_0.indexeddb.leveldb,IO error: D:\laragon\www\wa-gooo\.wwebjs_auth\session-user-6852cc9c2a74aa3f2b1209a0-1751098599967\Default\IndexedDB\https_web.whatsapp.com_0.indexeddb.leveldb/LOCK: File currently in use. (ChromeMethodBFE: 15::LockFile::2)
[0628/151938.521:ERROR:leveldb_factory.cc(88)] Failed to open LevelDB database from D:\laragon\www\wa-gooo\.wwebjs_auth\session-user-6852cc9c2a74aa3f2b1209a0-1751098599967\Default\IndexedDB\https_web.whatsapp.com_0.indexeddb.leveldb,IO error: D:\laragon\www\wa-gooo\.wwebjs_auth\session-user-6852cc9c2a74aa3f2b1209a0-1751098599967\Default\IndexedDB\https_web.whatsapp.com_0.indexeddb.leveldb/LOCK: File currently in use. (ChromeMethodBFE: 15::LockFile::2)
[0628/151940.554:ERROR:leveldb_factory.cc(88)] Failed to open LevelDB database from D:\laragon\www\wa-gooo\.wwebjs_auth\session-user-6852cc9c2a74aa3f2b1209a0-1751098599967\Default\IndexedDB\https_web.whatsapp.com_0.indexeddb.leveldb,IO error: D:\laragon\www\wa-gooo\.wwebjs_auth\session-user-6852cc9c2a74aa3f2b1209a0-1751098599967\Default\IndexedDB\https_web.whatsapp.com_0.indexeddb.leveldb/LOCK: File currently in use. (ChromeMethodBFE: 15::LockFile::2)
[0628/151942.566:ERROR:leveldb_factory.cc(88)] Failed to open LevelDB database from D:\laragon\www\wa-gooo\.wwebjs_auth\session-user-6852cc9c2a74aa3f2b1209a0-1751098599967\Default\IndexedDB\https_web.whatsapp.com_0.indexeddb.leveldb,IO error: D:\laragon\www\wa-gooo\.wwebjs_auth\session-user-6852cc9c2a74aa3f2b1209a0-1751098599967\Default\IndexedDB\https_web.whatsapp.com_0.indexeddb.leveldb/LOCK: File currently in use. (ChromeMethodBFE: 15::LockFile::2)
[0628/151944.592:ERROR:leveldb_factory.cc(88)] Failed to open LevelDB database from D:\laragon\www\wa-gooo\.wwebjs_auth\session-user-6852cc9c2a74aa3f2b1209a0-1751098599967\Default\IndexedDB\https_web.whatsapp.com_0.indexeddb.leveldb,IO error: D:\laragon\www\wa-gooo\.wwebjs_auth\session-user-6852cc9c2a74aa3f2b1209a0-1751098599967\Default\IndexedDB\https_web.whatsapp.com_0.indexeddb.leveldb/LOCK: File currently in use. (ChromeMethodBFE: 15::LockFile::2)
[0628/151946.631:ERROR:leveldb_factory.cc(88)] Failed to open LevelDB database from D:\laragon\www\wa-gooo\.wwebjs_auth\session-user-6852cc9c2a74aa3f2b1209a0-1751098599967\Default\IndexedDB\https_web.whatsapp.com_0.indexeddb.leveldb,IO error: D:\laragon\www\wa-gooo\.wwebjs_auth\session-user-6852cc9c2a74aa3f2b1209a0-1751098599967\Default\IndexedDB\https_web.whatsapp.com_0.indexeddb.leveldb/LOCK: File currently in use. (ChromeMethodBFE: 15::LockFile::2)
[0628/151948.650:ERROR:leveldb_factory.cc(88)] Failed to open LevelDB database from D:\laragon\www\wa-gooo\.wwebjs_auth\session-user-6852cc9c2a74aa3f2b1209a0-1751098599967\Default\IndexedDB\https_web.whatsapp.com_0.indexeddb.leveldb,IO error: D:\laragon\www\wa-gooo\.wwebjs_auth\session-user-6852cc9c2a74aa3f2b1209a0-1751098599967\Default\IndexedDB\https_web.whatsapp.com_0.indexeddb.leveldb/LOCK: File currently in use. (ChromeMethodBFE: 15::LockFile::2)
[0628/151950.666:ERROR:leveldb_factory.cc(88)] Failed to open LevelDB database from D:\laragon\www\wa-gooo\.wwebjs_auth\session-user-6852cc9c2a74aa3f2b1209a0-1751098599967\Default\IndexedDB\https_web.whatsapp.com_0.indexeddb.leveldb,IO error: D:\laragon\www\wa-gooo\.wwebjs_auth\session-user-6852cc9c2a74aa3f2b1209a0-1751098599967\Default\IndexedDB\https_web.whatsapp.com_0.indexeddb.leveldb/LOCK: File currently in use. (ChromeMethodBFE: 15::LockFile::2)
[0628/151952.692:ERROR:leveldb_factory.cc(88)] Failed to open LevelDB database from D:\laragon\www\wa-gooo\.wwebjs_auth\session-user-6852cc9c2a74aa3f2b1209a0-1751098599967\Default\IndexedDB\https_web.whatsapp.com_0.indexeddb.leveldb,IO error: D:\laragon\www\wa-gooo\.wwebjs_auth\session-user-6852cc9c2a74aa3f2b1209a0-1751098599967\Default\IndexedDB\https_web.whatsapp.com_0.indexeddb.leveldb/LOCK: File currently in use. (ChromeMethodBFE: 15::LockFile::2)
[0628/151954.713:ERROR:leveldb_factory.cc(88)] Failed to open LevelDB database from D:\laragon\www\wa-gooo\.wwebjs_auth\session-user-6852cc9c2a74aa3f2b1209a0-1751098599967\Default\IndexedDB\https_web.whatsapp.com_0.indexeddb.leveldb,IO error: D:\laragon\www\wa-gooo\.wwebjs_auth\session-user-6852cc9c2a74aa3f2b1209a0-1751098599967\Default\IndexedDB\https_web.whatsapp.com_0.indexeddb.leveldb/LOCK: File currently in use. (ChromeMethodBFE: 15::LockFile::2)
[0628/151956.743:ERROR:leveldb_factory.cc(88)] Failed to open LevelDB database from D:\laragon\www\wa-gooo\.wwebjs_auth\session-user-6852cc9c2a74aa3f2b1209a0-1751098599967\Default\IndexedDB\https_web.whatsapp.com_0.indexeddb.leveldb,IO error: D:\laragon\www\wa-gooo\.wwebjs_auth\session-user-6852cc9c2a74aa3f2b1209a0-1751098599967\Default\IndexedDB\https_web.whatsapp.com_0.indexeddb.leveldb/LOCK: File currently in use. (ChromeMethodBFE: 15::LockFile::2)
[0628/151958.767:ERROR:leveldb_factory.cc(88)] Failed to open LevelDB database from D:\laragon\www\wa-gooo\.wwebjs_auth\session-user-6852cc9c2a74aa3f2b1209a0-1751098599967\Default\IndexedDB\https_web.whatsapp.com_0.indexeddb.leveldb,IO error: D:\laragon\www\wa-gooo\.wwebjs_auth\session-user-6852cc9c2a74aa3f2b1209a0-1751098599967\Default\IndexedDB\https_web.whatsapp.com_0.indexeddb.leveldb/LOCK: File currently in use. (ChromeMethodBFE: 15::LockFile::2)
[0628/152000.783:ERROR:leveldb_factory.cc(88)] Failed to open LevelDB database from D:\laragon\www\wa-gooo\.wwebjs_auth\session-user-6852cc9c2a74aa3f2b1209a0-1751098599967\Default\IndexedDB\https_web.whatsapp.com_0.indexeddb.leveldb,IO error: D:\laragon\www\wa-gooo\.wwebjs_auth\session-user-6852cc9c2a74aa3f2b1209a0-1751098599967\Default\IndexedDB\https_web.whatsapp.com_0.indexeddb.leveldb/LOCK: File currently in use. (ChromeMethodBFE: 15::LockFile::2)
[0628/152002.803:ERROR:leveldb_factory.cc(88)] Failed to open LevelDB database from D:\laragon\www\wa-gooo\.wwebjs_auth\session-user-6852cc9c2a74aa3f2b1209a0-1751098599967\Default\IndexedDB\https_web.whatsapp.com_0.indexeddb.leveldb,IO error: D:\laragon\www\wa-gooo\.wwebjs_auth\session-user-6852cc9c2a74aa3f2b1209a0-1751098599967\Default\IndexedDB\https_web.whatsapp.com_0.indexeddb.leveldb/LOCK: File currently in use. (ChromeMethodBFE: 15::LockFile::2)
[0628/152004.821:ERROR:leveldb_factory.cc(88)] Failed to open LevelDB database from D:\laragon\www\wa-gooo\.wwebjs_auth\session-user-6852cc9c2a74aa3f2b1209a0-1751098599967\Default\IndexedDB\https_web.whatsapp.com_0.indexeddb.leveldb,IO error: D:\laragon\www\wa-gooo\.wwebjs_auth\session-user-6852cc9c2a74aa3f2b1209a0-1751098599967\Default\IndexedDB\https_web.whatsapp.com_0.indexeddb.leveldb/LOCK: File currently in use. (ChromeMethodBFE: 15::LockFile::2)
[0628/152006.846:ERROR:leveldb_factory.cc(88)] Failed to open LevelDB database from D:\laragon\www\wa-gooo\.wwebjs_auth\session-user-6852cc9c2a74aa3f2b1209a0-1751098599967\Default\IndexedDB\https_web.whatsapp.com_0.indexeddb.leveldb,IO error: D:\laragon\www\wa-gooo\.wwebjs_auth\session-user-6852cc9c2a74aa3f2b1209a0-1751098599967\Default\IndexedDB\https_web.whatsapp.com_0.indexeddb.leveldb/LOCK: File currently in use. (ChromeMethodBFE: 15::LockFile::2)
[0628/152008.878:ERROR:leveldb_factory.cc(88)] Failed to open LevelDB database from D:\laragon\www\wa-gooo\.wwebjs_auth\session-user-6852cc9c2a74aa3f2b1209a0-1751098599967\Default\IndexedDB\https_web.whatsapp.com_0.indexeddb.leveldb,IO error: D:\laragon\www\wa-gooo\.wwebjs_auth\session-user-6852cc9c2a74aa3f2b1209a0-1751098599967\Default\IndexedDB\https_web.whatsapp.com_0.indexeddb.leveldb/LOCK: File currently in use. (ChromeMethodBFE: 15::LockFile::2)
[0628/152010.905:ERROR:leveldb_factory.cc(88)] Failed to open LevelDB database from D:\laragon\www\wa-gooo\.wwebjs_auth\session-user-6852cc9c2a74aa3f2b1209a0-1751098599967\Default\IndexedDB\https_web.whatsapp.com_0.indexeddb.leveldb,IO error: D:\laragon\www\wa-gooo\.wwebjs_auth\session-user-6852cc9c2a74aa3f2b1209a0-1751098599967\Default\IndexedDB\https_web.whatsapp.com_0.indexeddb.leveldb/LOCK: File currently in use. (ChromeMethodBFE: 15::LockFile::2)
[0628/152012.953:ERROR:leveldb_factory.cc(88)] Failed to open LevelDB database from D:\laragon\www\wa-gooo\.wwebjs_auth\session-user-6852cc9c2a74aa3f2b1209a0-1751098599967\Default\IndexedDB\https_web.whatsapp.com_0.indexeddb.leveldb,IO error: D:\laragon\www\wa-gooo\.wwebjs_auth\session-user-6852cc9c2a74aa3f2b1209a0-1751098599967\Default\IndexedDB\https_web.whatsapp.com_0.indexeddb.leveldb/LOCK: File currently in use. (ChromeMethodBFE: 15::LockFile::2)
[0628/152015.026:ERROR:leveldb_factory.cc(88)] Failed to open LevelDB database from D:\laragon\www\wa-gooo\.wwebjs_auth\session-user-6852cc9c2a74aa3f2b1209a0-1751098599967\Default\IndexedDB\https_web.whatsapp.com_0.indexeddb.leveldb,IO error: D:\laragon\www\wa-gooo\.wwebjs_auth\session-user-6852cc9c2a74aa3f2b1209a0-1751098599967\Default\IndexedDB\https_web.whatsapp.com_0.indexeddb.leveldb/LOCK: File currently in use. (ChromeMethodBFE: 15::LockFile::2)
[0628/152017.059:ERROR:leveldb_factory.cc(88)] Failed to open LevelDB database from D:\laragon\www\wa-gooo\.wwebjs_auth\session-user-6852cc9c2a74aa3f2b1209a0-1751098599967\Default\IndexedDB\https_web.whatsapp.com_0.indexeddb.leveldb,IO error: D:\laragon\www\wa-gooo\.wwebjs_auth\session-user-6852cc9c2a74aa3f2b1209a0-1751098599967\Default\IndexedDB\https_web.whatsapp.com_0.indexeddb.leveldb/LOCK: File currently in use. (ChromeMethodBFE: 15::LockFile::2)
[0628/152019.087:ERROR:leveldb_factory.cc(88)] Failed to open LevelDB database from D:\laragon\www\wa-gooo\.wwebjs_auth\session-user-6852cc9c2a74aa3f2b1209a0-1751098599967\Default\IndexedDB\https_web.whatsapp.com_0.indexeddb.leveldb,IO error: D:\laragon\www\wa-gooo\.wwebjs_auth\session-user-6852cc9c2a74aa3f2b1209a0-1751098599967\Default\IndexedDB\https_web.whatsapp.com_0.indexeddb.leveldb/LOCK: File currently in use. (ChromeMethodBFE: 15::LockFile::2)
[0628/152021.125:ERROR:leveldb_factory.cc(88)] Failed to open LevelDB database from D:\laragon\www\wa-gooo\.wwebjs_auth\session-user-6852cc9c2a74aa3f2b1209a0-1751098599967\Default\IndexedDB\https_web.whatsapp.com_0.indexeddb.leveldb,IO error: D:\laragon\www\wa-gooo\.wwebjs_auth\session-user-6852cc9c2a74aa3f2b1209a0-1751098599967\Default\IndexedDB\https_web.whatsapp.com_0.indexeddb.leveldb/LOCK: File currently in use. (ChromeMethodBFE: 15::LockFile::2)
[0628/152023.167:ERROR:leveldb_factory.cc(88)] Failed to open LevelDB database from D:\laragon\www\wa-gooo\.wwebjs_auth\session-user-6852cc9c2a74aa3f2b1209a0-1751098599967\Default\IndexedDB\https_web.whatsapp.com_0.indexeddb.leveldb,IO error: D:\laragon\www\wa-gooo\.wwebjs_auth\session-user-6852cc9c2a74aa3f2b1209a0-1751098599967\Default\IndexedDB\https_web.whatsapp.com_0.indexeddb.leveldb/LOCK: File currently in use. (ChromeMethodBFE: 15::LockFile::2)
[0628/152025.187:ERROR:leveldb_factory.cc(88)] Failed to open LevelDB database from D:\laragon\www\wa-gooo\.wwebjs_auth\session-user-6852cc9c2a74aa3f2b1209a0-1751098599967\Default\IndexedDB\https_web.whatsapp.com_0.indexeddb.leveldb,IO error: D:\laragon\www\wa-gooo\.wwebjs_auth\session-user-6852cc9c2a74aa3f2b1209a0-1751098599967\Default\IndexedDB\https_web.whatsapp.com_0.indexeddb.leveldb/LOCK: File currently in use. (ChromeMethodBFE: 15::LockFile::2)
[0628/152027.335:ERROR:leveldb_factory.cc(88)] Failed to open LevelDB database from D:\laragon\www\wa-gooo\.wwebjs_auth\session-user-6852cc9c2a74aa3f2b1209a0-1751098599967\Default\IndexedDB\https_web.whatsapp.com_0.indexeddb.leveldb,IO error: D:\laragon\www\wa-gooo\.wwebjs_auth\session-user-6852cc9c2a74aa3f2b1209a0-1751098599967\Default\IndexedDB\https_web.whatsapp.com_0.indexeddb.leveldb/LOCK: File currently in use. (ChromeMethodBFE: 15::LockFile::2)
[0628/152029.354:ERROR:leveldb_factory.cc(88)] Failed to open LevelDB database from D:\laragon\www\wa-gooo\.wwebjs_auth\session-user-6852cc9c2a74aa3f2b1209a0-1751098599967\Default\IndexedDB\https_web.whatsapp.com_0.indexeddb.leveldb,IO error: D:\laragon\www\wa-gooo\.wwebjs_auth\session-user-6852cc9c2a74aa3f2b1209a0-1751098599967\Default\IndexedDB\https_web.whatsapp.com_0.indexeddb.leveldb/LOCK: File currently in use. (ChromeMethodBFE: 15::LockFile::2)
[0628/152031.400:ERROR:leveldb_factory.cc(88)] Failed to open LevelDB database from D:\laragon\www\wa-gooo\.wwebjs_auth\session-user-6852cc9c2a74aa3f2b1209a0-1751098599967\Default\IndexedDB\https_web.whatsapp.com_0.indexeddb.leveldb,IO error: D:\laragon\www\wa-gooo\.wwebjs_auth\session-user-6852cc9c2a74aa3f2b1209a0-1751098599967\Default\IndexedDB\https_web.whatsapp.com_0.indexeddb.leveldb/LOCK: File currently in use. (ChromeMethodBFE: 15::LockFile::2)
[0628/152033.434:ERROR:leveldb_factory.cc(88)] Failed to open LevelDB database from D:\laragon\www\wa-gooo\.wwebjs_auth\session-user-6852cc9c2a74aa3f2b1209a0-1751098599967\Default\IndexedDB\https_web.whatsapp.com_0.indexeddb.leveldb,IO error: D:\laragon\www\wa-gooo\.wwebjs_auth\session-user-6852cc9c2a74aa3f2b1209a0-1751098599967\Default\IndexedDB\https_web.whatsapp.com_0.indexeddb.leveldb/LOCK: File currently in use. (ChromeMethodBFE: 15::LockFile::2)
[0628/152035.451:ERROR:leveldb_factory.cc(88)] Failed to open LevelDB database from D:\laragon\www\wa-gooo\.wwebjs_auth\session-user-6852cc9c2a74aa3f2b1209a0-1751098599967\Default\IndexedDB\https_web.whatsapp.com_0.indexeddb.leveldb,IO error: D:\laragon\www\wa-gooo\.wwebjs_auth\session-user-6852cc9c2a74aa3f2b1209a0-1751098599967\Default\IndexedDB\https_web.whatsapp.com_0.indexeddb.leveldb/LOCK: File currently in use. (ChromeMethodBFE: 15::LockFile::2)
[0628/152037.470:ERROR:leveldb_factory.cc(88)] Failed to open LevelDB database from D:\laragon\www\wa-gooo\.wwebjs_auth\session-user-6852cc9c2a74aa3f2b1209a0-1751098599967\Default\IndexedDB\https_web.whatsapp.com_0.indexeddb.leveldb,IO error: D:\laragon\www\wa-gooo\.wwebjs_auth\session-user-6852cc9c2a74aa3f2b1209a0-1751098599967\Default\IndexedDB\https_web.whatsapp.com_0.indexeddb.leveldb/LOCK: File currently in use. (ChromeMethodBFE: 15::LockFile::2)
[0628/152039.505:ERROR:leveldb_factory.cc(88)] Failed to open LevelDB database from D:\laragon\www\wa-gooo\.wwebjs_auth\session-user-6852cc9c2a74aa3f2b1209a0-1751098599967\Default\IndexedDB\https_web.whatsapp.com_0.indexeddb.leveldb,IO error: D:\laragon\www\wa-gooo\.wwebjs_auth\session-user-6852cc9c2a74aa3f2b1209a0-1751098599967\Default\IndexedDB\https_web.whatsapp.com_0.indexeddb.leveldb/LOCK: File currently in use. (ChromeMethodBFE: 15::LockFile::2)
[0628/152041.538:ERROR:leveldb_factory.cc(88)] Failed to open LevelDB database from D:\laragon\www\wa-gooo\.wwebjs_auth\session-user-6852cc9c2a74aa3f2b1209a0-1751098599967\Default\IndexedDB\https_web.whatsapp.com_0.indexeddb.leveldb,IO error: D:\laragon\www\wa-gooo\.wwebjs_auth\session-user-6852cc9c2a74aa3f2b1209a0-1751098599967\Default\IndexedDB\https_web.whatsapp.com_0.indexeddb.leveldb/LOCK: File currently in use. (ChromeMethodBFE: 15::LockFile::2)
[0628/152043.556:ERROR:leveldb_factory.cc(88)] Failed to open LevelDB database from D:\laragon\www\wa-gooo\.wwebjs_auth\session-user-6852cc9c2a74aa3f2b1209a0-1751098599967\Default\IndexedDB\https_web.whatsapp.com_0.indexeddb.leveldb,IO error: D:\laragon\www\wa-gooo\.wwebjs_auth\session-user-6852cc9c2a74aa3f2b1209a0-1751098599967\Default\IndexedDB\https_web.whatsapp.com_0.indexeddb.leveldb/LOCK: File currently in use. (ChromeMethodBFE: 15::LockFile::2)
[0628/152045.596:ERROR:leveldb_factory.cc(88)] Failed to open LevelDB database from D:\laragon\www\wa-gooo\.wwebjs_auth\session-user-6852cc9c2a74aa3f2b1209a0-1751098599967\Default\IndexedDB\https_web.whatsapp.com_0.indexeddb.leveldb,IO error: D:\laragon\www\wa-gooo\.wwebjs_auth\session-user-6852cc9c2a74aa3f2b1209a0-1751098599967\Default\IndexedDB\https_web.whatsapp.com_0.indexeddb.leveldb/LOCK: File currently in use. (ChromeMethodBFE: 15::LockFile::2)
[0628/152047.635:ERROR:leveldb_factory.cc(88)] Failed to open LevelDB database from D:\laragon\www\wa-gooo\.wwebjs_auth\session-user-6852cc9c2a74aa3f2b1209a0-1751098599967\Default\IndexedDB\https_web.whatsapp.com_0.indexeddb.leveldb,IO error: D:\laragon\www\wa-gooo\.wwebjs_auth\session-user-6852cc9c2a74aa3f2b1209a0-1751098599967\Default\IndexedDB\https_web.whatsapp.com_0.indexeddb.leveldb/LOCK: File currently in use. (ChromeMethodBFE: 15::LockFile::2)
[0628/152049.670:ERROR:leveldb_factory.cc(88)] Failed to open LevelDB database from D:\laragon\www\wa-gooo\.wwebjs_auth\session-user-6852cc9c2a74aa3f2b1209a0-1751098599967\Default\IndexedDB\https_web.whatsapp.com_0.indexeddb.leveldb,IO error: D:\laragon\www\wa-gooo\.wwebjs_auth\session-user-6852cc9c2a74aa3f2b1209a0-1751098599967\Default\IndexedDB\https_web.whatsapp.com_0.indexeddb.leveldb/LOCK: File currently in use. (ChromeMethodBFE: 15::LockFile::2)
[0628/152051.690:ERROR:leveldb_factory.cc(88)] Failed to open LevelDB database from D:\laragon\www\wa-gooo\.wwebjs_auth\session-user-6852cc9c2a74aa3f2b1209a0-1751098599967\Default\IndexedDB\https_web.whatsapp.com_0.indexeddb.leveldb,IO error: D:\laragon\www\wa-gooo\.wwebjs_auth\session-user-6852cc9c2a74aa3f2b1209a0-1751098599967\Default\IndexedDB\https_web.whatsapp.com_0.indexeddb.leveldb/LOCK: File currently in use. (ChromeMethodBFE: 15::LockFile::2)
[0628/152053.721:ERROR:leveldb_factory.cc(88)] Failed to open LevelDB database from D:\laragon\www\wa-gooo\.wwebjs_auth\session-user-6852cc9c2a74aa3f2b1209a0-1751098599967\Default\IndexedDB\https_web.whatsapp.com_0.indexeddb.leveldb,IO error: D:\laragon\www\wa-gooo\.wwebjs_auth\session-user-6852cc9c2a74aa3f2b1209a0-1751098599967\Default\IndexedDB\https_web.whatsapp.com_0.indexeddb.leveldb/LOCK: File currently in use. (ChromeMethodBFE: 15::LockFile::2)
[0628/152055.740:ERROR:leveldb_factory.cc(88)] Failed to open LevelDB database from D:\laragon\www\wa-gooo\.wwebjs_auth\session-user-6852cc9c2a74aa3f2b1209a0-1751098599967\Default\IndexedDB\https_web.whatsapp.com_0.indexeddb.leveldb,IO error: D:\laragon\www\wa-gooo\.wwebjs_auth\session-user-6852cc9c2a74aa3f2b1209a0-1751098599967\Default\IndexedDB\https_web.whatsapp.com_0.indexeddb.leveldb/LOCK: File currently in use. (ChromeMethodBFE: 15::LockFile::2)
[0628/152057.769:ERROR:leveldb_factory.cc(88)] Failed to open LevelDB database from D:\laragon\www\wa-gooo\.wwebjs_auth\session-user-6852cc9c2a74aa3f2b1209a0-1751098599967\Default\IndexedDB\https_web.whatsapp.com_0.indexeddb.leveldb,IO error: D:\laragon\www\wa-gooo\.wwebjs_auth\session-user-6852cc9c2a74aa3f2b1209a0-1751098599967\Default\IndexedDB\https_web.whatsapp.com_0.indexeddb.leveldb/LOCK: File currently in use. (ChromeMethodBFE: 15::LockFile::2)
[0628/152059.796:ERROR:leveldb_factory.cc(88)] Failed to open LevelDB database from D:\laragon\www\wa-gooo\.wwebjs_auth\session-user-6852cc9c2a74aa3f2b1209a0-1751098599967\Default\IndexedDB\https_web.whatsapp.com_0.indexeddb.leveldb,IO error: D:\laragon\www\wa-gooo\.wwebjs_auth\session-user-6852cc9c2a74aa3f2b1209a0-1751098599967\Default\IndexedDB\https_web.whatsapp.com_0.indexeddb.leveldb/LOCK: File currently in use. (ChromeMethodBFE: 15::LockFile::2)
[0628/152101.827:ERROR:leveldb_factory.cc(88)] Failed to open LevelDB database from D:\laragon\www\wa-gooo\.wwebjs_auth\session-user-6852cc9c2a74aa3f2b1209a0-1751098599967\Default\IndexedDB\https_web.whatsapp.com_0.indexeddb.leveldb,IO error: D:\laragon\www\wa-gooo\.wwebjs_auth\session-user-6852cc9c2a74aa3f2b1209a0-1751098599967\Default\IndexedDB\https_web.whatsapp.com_0.indexeddb.leveldb/LOCK: File currently in use. (ChromeMethodBFE: 15::LockFile::2)
[0628/152103.858:ERROR:leveldb_factory.cc(88)] Failed to open LevelDB database from D:\laragon\www\wa-gooo\.wwebjs_auth\session-user-6852cc9c2a74aa3f2b1209a0-1751098599967\Default\IndexedDB\https_web.whatsapp.com_0.indexeddb.leveldb,IO error: D:\laragon\www\wa-gooo\.wwebjs_auth\session-user-6852cc9c2a74aa3f2b1209a0-1751098599967\Default\IndexedDB\https_web.whatsapp.com_0.indexeddb.leveldb/LOCK: File currently in use. (ChromeMethodBFE: 15::LockFile::2)
[0628/152105.889:ERROR:leveldb_factory.cc(88)] Failed to open LevelDB database from D:\laragon\www\wa-gooo\.wwebjs_auth\session-user-6852cc9c2a74aa3f2b1209a0-1751098599967\Default\IndexedDB\https_web.whatsapp.com_0.indexeddb.leveldb,IO error: D:\laragon\www\wa-gooo\.wwebjs_auth\session-user-6852cc9c2a74aa3f2b1209a0-1751098599967\Default\IndexedDB\https_web.whatsapp.com_0.indexeddb.leveldb/LOCK: File currently in use. (ChromeMethodBFE: 15::LockFile::2)
[0628/152107.918:ERROR:leveldb_factory.cc(88)] Failed to open LevelDB database from D:\laragon\www\wa-gooo\.wwebjs_auth\session-user-6852cc9c2a74aa3f2b1209a0-1751098599967\Default\IndexedDB\https_web.whatsapp.com_0.indexeddb.leveldb,IO error: D:\laragon\www\wa-gooo\.wwebjs_auth\session-user-6852cc9c2a74aa3f2b1209a0-1751098599967\Default\IndexedDB\https_web.whatsapp.com_0.indexeddb.leveldb/LOCK: File currently in use. (ChromeMethodBFE: 15::LockFile::2)
[0628/152109.933:ERROR:leveldb_factory.cc(88)] Failed to open LevelDB database from D:\laragon\www\wa-gooo\.wwebjs_auth\session-user-6852cc9c2a74aa3f2b1209a0-1751098599967\Default\IndexedDB\https_web.whatsapp.com_0.indexeddb.leveldb,IO error: D:\laragon\www\wa-gooo\.wwebjs_auth\session-user-6852cc9c2a74aa3f2b1209a0-1751098599967\Default\IndexedDB\https_web.whatsapp.com_0.indexeddb.leveldb/LOCK: File currently in use. (ChromeMethodBFE: 15::LockFile::2)
[0628/152111.961:ERROR:leveldb_factory.cc(88)] Failed to open LevelDB database from D:\laragon\www\wa-gooo\.wwebjs_auth\session-user-6852cc9c2a74aa3f2b1209a0-1751098599967\Default\IndexedDB\https_web.whatsapp.com_0.indexeddb.leveldb,IO error: D:\laragon\www\wa-gooo\.wwebjs_auth\session-user-6852cc9c2a74aa3f2b1209a0-1751098599967\Default\IndexedDB\https_web.whatsapp.com_0.indexeddb.leveldb/LOCK: File currently in use. (ChromeMethodBFE: 15::LockFile::2)
[0628/152113.973:ERROR:leveldb_factory.cc(88)] Failed to open LevelDB database from D:\laragon\www\wa-gooo\.wwebjs_auth\session-user-6852cc9c2a74aa3f2b1209a0-1751098599967\Default\IndexedDB\https_web.whatsapp.com_0.indexeddb.leveldb,IO error: D:\laragon\www\wa-gooo\.wwebjs_auth\session-user-6852cc9c2a74aa3f2b1209a0-1751098599967\Default\IndexedDB\https_web.whatsapp.com_0.indexeddb.leveldb/LOCK: File currently in use. (ChromeMethodBFE: 15::LockFile::2)
[0628/152115.992:ERROR:leveldb_factory.cc(88)] Failed to open LevelDB database from D:\laragon\www\wa-gooo\.wwebjs_auth\session-user-6852cc9c2a74aa3f2b1209a0-1751098599967\Default\IndexedDB\https_web.whatsapp.com_0.indexeddb.leveldb,IO error: D:\laragon\www\wa-gooo\.wwebjs_auth\session-user-6852cc9c2a74aa3f2b1209a0-1751098599967\Default\IndexedDB\https_web.whatsapp.com_0.indexeddb.leveldb/LOCK: File currently in use. (ChromeMethodBFE: 15::LockFile::2)
[0628/152118.001:ERROR:leveldb_factory.cc(88)] Failed to open LevelDB database from D:\laragon\www\wa-gooo\.wwebjs_auth\session-user-6852cc9c2a74aa3f2b1209a0-1751098599967\Default\IndexedDB\https_web.whatsapp.com_0.indexeddb.leveldb,IO error: D:\laragon\www\wa-gooo\.wwebjs_auth\session-user-6852cc9c2a74aa3f2b1209a0-1751098599967\Default\IndexedDB\https_web.whatsapp.com_0.indexeddb.leveldb/LOCK: File currently in use. (ChromeMethodBFE: 15::LockFile::2)
[0628/152120.023:ERROR:leveldb_factory.cc(88)] Failed to open LevelDB database from D:\laragon\www\wa-gooo\.wwebjs_auth\session-user-6852cc9c2a74aa3f2b1209a0-1751098599967\Default\IndexedDB\https_web.whatsapp.com_0.indexeddb.leveldb,IO error: D:\laragon\www\wa-gooo\.wwebjs_auth\session-user-6852cc9c2a74aa3f2b1209a0-1751098599967\Default\IndexedDB\https_web.whatsapp.com_0.indexeddb.leveldb/LOCK: File currently in use. (ChromeMethodBFE: 15::LockFile::2)
[0628/152122.049:ERROR:leveldb_factory.cc(88)] Failed to open LevelDB database from D:\laragon\www\wa-gooo\.wwebjs_auth\session-user-6852cc9c2a74aa3f2b1209a0-1751098599967\Default\IndexedDB\https_web.whatsapp.com_0.indexeddb.leveldb,IO error: D:\laragon\www\wa-gooo\.wwebjs_auth\session-user-6852cc9c2a74aa3f2b1209a0-1751098599967\Default\IndexedDB\https_web.whatsapp.com_0.indexeddb.leveldb/LOCK: File currently in use. (ChromeMethodBFE: 15::LockFile::2)
[0628/152124.060:ERROR:leveldb_factory.cc(88)] Failed to open LevelDB database from D:\laragon\www\wa-gooo\.wwebjs_auth\session-user-6852cc9c2a74aa3f2b1209a0-1751098599967\Default\IndexedDB\https_web.whatsapp.com_0.indexeddb.leveldb,IO error: D:\laragon\www\wa-gooo\.wwebjs_auth\session-user-6852cc9c2a74aa3f2b1209a0-1751098599967\Default\IndexedDB\https_web.whatsapp.com_0.indexeddb.leveldb/LOCK: File currently in use. (ChromeMethodBFE: 15::LockFile::2)
[0628/152125.828:INFO:CONSOLE(163)] "Event handler of 'x-storagemutated-1' event must be added on the initial evaluation of worker script.", source: https://static.whatsapp.net/rsrc.php/v4/y_/r/94n5BtYWk84.js (163)
[0628/152126.074:ERROR:leveldb_factory.cc(88)] Failed to open LevelDB database from D:\laragon\www\wa-gooo\.wwebjs_auth\session-user-6852cc9c2a74aa3f2b1209a0-1751098599967\Default\IndexedDB\https_web.whatsapp.com_0.indexeddb.leveldb,IO error: D:\laragon\www\wa-gooo\.wwebjs_auth\session-user-6852cc9c2a74aa3f2b1209a0-1751098599967\Default\IndexedDB\https_web.whatsapp.com_0.indexeddb.leveldb/LOCK: File currently in use. (ChromeMethodBFE: 15::LockFile::2)
